#
# There is insufficient memory for the Java Runtime Environment to continue.
# Native memory allocation (malloc) failed to allocate 492176 bytes. Error detail: Chunk::new
# Possible reasons:
#   The system is out of physical RAM or swap space
#   This process is running with CompressedOops enabled, and the Java Heap may be blocking the growth of the native heap
# Possible solutions:
#   Reduce memory load on the system
#   Increase physical memory or swap space
#   Check if swap backing store is full
#   Decrease Java heap size (-Xmx/-Xms)
#   Decrease number of Java threads
#   Decrease Java thread stack sizes (-Xss)
#   Set larger code cache with -XX:ReservedCodeCacheSize=
#   JVM is running with Unscaled Compressed Oops mode in which the Java heap is
#     placed in the first 4GB address space. The Java Heap base address is the
#     maximum limit for the native heap growth. Please use -XX:HeapBaseMinAddress
#     to set the Java Heap base and to place the Java Heap above 4GB virtual address.
# This output file may be truncated or incomplete.
#
#  Out of Memory Error (arena.cpp:168), pid=22904, tid=29968
#
# JRE version: OpenJDK Runtime Environment Temurin-21.0.9+10 (21.0.9+10) (build 21.0.9+10-LTS)
# Java VM: OpenJDK 64-Bit Server VM Temurin-21.0.9+10 (21.0.9+10-LTS, mixed mode, sharing, tiered, compressed oops, compressed class ptrs, parallel gc, windows-amd64)
# No core dump will be written. Minidumps are not enabled by default on client versions of Windows
#

---------------  S U M M A R Y ------------

Command Line: --add-modules=ALL-SYSTEM --add-opens=java.base/java.util=ALL-UNNAMED --add-opens=java.base/java.lang=ALL-UNNAMED --add-opens=java.base/sun.nio.fs=ALL-UNNAMED -Declipse.application=org.eclipse.jdt.ls.core.id1 -Dosgi.bundles.defaultStartLevel=4 -Declipse.product=org.eclipse.jdt.ls.core.product -Djava.import.generatesMetadataFilesAtProjectRoot=false -DDetectVMInstallationsJob.disabled=true -Dfile.encoding=utf8 -XX:+UseParallelGC -XX:GCTimeRatio=4 -XX:AdaptiveSizePolicyWeight=90 -Dsun.zip.disableMemoryMapping=true -Xmx2G -Xms100m -Xlog:disable -javaagent:c:\Users\vieth\.vscode\extensions\redhat.java-1.50.0-win32-x64\lombok\lombok-1.18.39-4050.jar -XX:+HeapDumpOnOutOfMemoryError -XX:HeapDumpPath=c:\Users\vieth\AppData\Roaming\Code\User\workspaceStorage\97e8b050a439987ed35ab0d5da838540\redhat.java -Daether.dependencyCollector.impl=bf c:\Users\vieth\.vscode\extensions\redhat.java-1.50.0-win32-x64\server\plugins\org.eclipse.equinox.launcher_1.7.100.v20251111-0406.jar -configuration c:\Users\vieth\AppData\Roaming\Code\User\globalStorage\redhat.java\1.50.0\config_win -data c:\Users\vieth\AppData\Roaming\Code\User\workspaceStorage\97e8b050a439987ed35ab0d5da838540\redhat.java\jdt_ws --pipe=\\.\pipe\lsp-4e825478e4141d96540d3b93ab6d224a-sock

Host: AMD Ryzen 5 5500U with Radeon Graphics         , 12 cores, 15G,  Windows 11 , 64 bit Build 26100 (10.0.26100.7309)
Time: Tue Dec 23 11:41:45 2025 SE Asia Standard Time elapsed time: 73.988987 seconds (0d 0h 1m 13s)

---------------  T H R E A D  ---------------

Current thread (0x000001e361b3bde0):  JavaThread "C2 CompilerThread1" daemon [_thread_in_native, id=29968, stack(0x000000bed6900000,0x000000bed6a00000) (1024K)]


Current CompileTask:
C2:73989 19109       4       org.eclipse.core.internal.dtree.AbstractDataTreeNode::assembleWith (502 bytes)

Stack: [0x000000bed6900000,0x000000bed6a00000]
Native frames: (J=compiled Java code, j=interpreted, Vv=VM code, C=native code)
V  [jvm.dll+0x6d6e29]
V  [jvm.dll+0x8b4b76]
V  [jvm.dll+0x8b712e]
V  [jvm.dll+0x8b7813]
V  [jvm.dll+0x283d86]
V  [jvm.dll+0xc66ed]
V  [jvm.dll+0xc6c31]
V  [jvm.dll+0x3be501]
V  [jvm.dll+0x38ab92]
V  [jvm.dll+0x389fda]
V  [jvm.dll+0x24bfa0]
V  [jvm.dll+0x24b580]
V  [jvm.dll+0x1cb13e]
V  [jvm.dll+0x25b29d]
V  [jvm.dll+0x25982a]
V  [jvm.dll+0x3f7ea6]
V  [jvm.dll+0x85e9ad]
V  [jvm.dll+0x6d565d]
C  [ucrtbase.dll+0x37b0]
C  [KERNEL32.DLL+0x2e8d7]
C  [ntdll.dll+0x8c53c]


---------------  P R O C E S S  ---------------

Threads class SMR info:
_java_thread_list=0x000001e36f0d1700, length=83, elements={
0x000001e302634650, 0x000001e3600044b0, 0x000001e3025dc6b0, 0x000001e360006ce0,
0x000001e360007ce0, 0x000001e36000a840, 0x000001e36000e840, 0x000001e36000c820,
0x000001e3600221e0, 0x000001e36020c420, 0x000001e360356790, 0x000001e3608ecac0,
0x000001e360d69700, 0x000001e360ac3ae0, 0x000001e360ac4510, 0x000001e3611a46e0,
0x000001e3612479d0, 0x000001e36135b160, 0x000001e36135c510, 0x000001e36135b7f0,
0x000001e36135cba0, 0x000001e36135d8c0, 0x000001e36135be80, 0x000001e36135d230,
0x000001e363a554d0, 0x000001e363a55b60, 0x000001e363a547b0, 0x000001e363a561f0,
0x000001e363a56880, 0x000001e363a575a0, 0x000001e363a57c30, 0x000001e363a582c0,
0x000001e363a54e40, 0x000001e363a58950, 0x000001e363a5a390, 0x000001e363a5bdd0,
0x000001e363a5aa20, 0x000001e363a5b0b0, 0x000001e363a5b740, 0x000001e363a58fe0,
0x000001e363a59670, 0x000001e363a59d00, 0x000001e363843290, 0x000001e361b3bde0,
0x000001e363844640, 0x000001e363843920, 0x000001e363843fb0, 0x000001e363844cd0,
0x000001e363842570, 0x000001e363845360, 0x000001e363841ee0, 0x000001e3638459f0,
0x000001e363846080, 0x000001e363842c00, 0x000001e363849500, 0x000001e363847ac0,
0x000001e3638487e0, 0x000001e363848150, 0x000001e363846710, 0x000001e363846da0,
0x000001e363847430, 0x000001e363848e70, 0x000001e3645d2dc0, 0x000001e3645d1a10,
0x000001e3645d20a0, 0x000001e3645d2730, 0x000001e3645d3450, 0x000001e3645d3ae0,
0x000001e3645d0660, 0x000001e3645d4170, 0x000001e3645d4800, 0x000001e3645d1380,
0x000001e3645d6f60, 0x000001e3645d75f0, 0x000001e3645d5520, 0x000001e3645d4e90,
0x000001e3645d68d0, 0x000001e3645d5bb0, 0x000001e3645d6240, 0x000001e363a56f10,
0x000001e372fcdff0, 0x000001e372fd00c0, 0x000001e363bf7ff0
}

Java Threads: ( => current thread )
  0x000001e302634650 JavaThread "main"                              [_thread_blocked, id=22784, stack(0x000000bed4700000,0x000000bed4800000) (1024K)]
  0x000001e3600044b0 JavaThread "Reference Handler"          daemon [_thread_blocked, id=27580, stack(0x000000bed4b00000,0x000000bed4c00000) (1024K)]
  0x000001e3025dc6b0 JavaThread "Finalizer"                  daemon [_thread_blocked, id=14952, stack(0x000000bed4c00000,0x000000bed4d00000) (1024K)]
  0x000001e360006ce0 JavaThread "Signal Dispatcher"          daemon [_thread_blocked, id=22224, stack(0x000000bed4d00000,0x000000bed4e00000) (1024K)]
  0x000001e360007ce0 JavaThread "Attach Listener"            daemon [_thread_blocked, id=20384, stack(0x000000bed4e00000,0x000000bed4f00000) (1024K)]
  0x000001e36000a840 JavaThread "Service Thread"             daemon [_thread_blocked, id=23636, stack(0x000000bed4f00000,0x000000bed5000000) (1024K)]
  0x000001e36000e840 JavaThread "Monitor Deflation Thread"   daemon [_thread_blocked, id=7812, stack(0x000000bed5000000,0x000000bed5100000) (1024K)]
  0x000001e36000c820 JavaThread "C2 CompilerThread0"         daemon [_thread_blocked, id=24444, stack(0x000000bed5100000,0x000000bed5200000) (1024K)]
  0x000001e3600221e0 JavaThread "C1 CompilerThread0"         daemon [_thread_blocked, id=22496, stack(0x000000bed5200000,0x000000bed5300000) (1024K)]
  0x000001e36020c420 JavaThread "Common-Cleaner"             daemon [_thread_blocked, id=25536, stack(0x000000bed5300000,0x000000bed5400000) (1024K)]
  0x000001e360356790 JavaThread "Notification Thread"        daemon [_thread_blocked, id=21992, stack(0x000000bed5500000,0x000000bed5600000) (1024K)]
  0x000001e3608ecac0 JavaThread "Active Thread: Equinox Container: ae673e90-785b-4db7-bd4a-70391db646b1"        [_thread_blocked, id=15200, stack(0x000000bed5400000,0x000000bed5500000) (1024K)]
  0x000001e360d69700 JavaThread "Refresh Thread: Equinox Container: ae673e90-785b-4db7-bd4a-70391db646b1" daemon [_thread_blocked, id=16548, stack(0x000000bed5d00000,0x000000bed5e00000) (1024K)]
  0x000001e360ac3ae0 JavaThread "Framework Event Dispatcher: Equinox Container: ae673e90-785b-4db7-bd4a-70391db646b1" daemon [_thread_blocked, id=19308, stack(0x000000bed5f00000,0x000000bed6000000) (1024K)]
  0x000001e360ac4510 JavaThread "Start Level: Equinox Container: ae673e90-785b-4db7-bd4a-70391db646b1" daemon [_thread_blocked, id=19028, stack(0x000000bed6000000,0x000000bed6100000) (1024K)]
  0x000001e3611a46e0 JavaThread "Bundle File Closer"         daemon [_thread_blocked, id=16948, stack(0x000000bed6300000,0x000000bed6400000) (1024K)]
  0x000001e3612479d0 JavaThread "SCR Component Actor"        daemon [_thread_blocked, id=5504, stack(0x000000bed5600000,0x000000bed5700000) (1024K)]
  0x000001e36135b160 JavaThread "Worker-JM"                         [_thread_blocked, id=32492, stack(0x000000bed6400000,0x000000bed6500000) (1024K)]
  0x000001e36135c510 JavaThread "JNA Cleaner"                daemon [_thread_blocked, id=30100, stack(0x000000bed6500000,0x000000bed6600000) (1024K)]
  0x000001e36135b7f0 JavaThread "Worker-0"                          [_thread_blocked, id=16152, stack(0x000000bed6600000,0x000000bed6700000) (1024K)]
  0x000001e36135cba0 JavaThread "Worker-1: Building"                [_thread_in_native, id=26564, stack(0x000000bed6700000,0x000000bed6800000) (1024K)]
  0x000001e36135d8c0 JavaThread "Worker-2: Initialize workspace"        [_thread_blocked, id=28124, stack(0x000000bed6800000,0x000000bed6900000) (1024K)]
  0x000001e36135be80 JavaThread "Worker-3"                          [_thread_blocked, id=7096, stack(0x000000bed6a00000,0x000000bed6b00000) (1024K)]
  0x000001e36135d230 JavaThread "Worker-4: Java indexing... "        [_thread_blocked, id=29692, stack(0x000000bed6b00000,0x000000bed6c00000) (1024K)]
  0x000001e363a554d0 JavaThread "Java indexing"              daemon [_thread_in_native, id=30232, stack(0x000000bed6d00000,0x000000bed6e00000) (1024K)]
  0x000001e363a55b60 JavaThread "Worker-5"                          [_thread_blocked, id=33776, stack(0x000000bed6f00000,0x000000bed7000000) (1024K)]
  0x000001e363a547b0 JavaThread "Worker-6"                          [_thread_blocked, id=31000, stack(0x000000bed7000000,0x000000bed7100000) (1024K)]
  0x000001e363a561f0 JavaThread "Thread-1"                   daemon [_thread_in_native, id=19096, stack(0x000000bed7100000,0x000000bed7200000) (1024K)]
  0x000001e363a56880 JavaThread "Thread-2"                   daemon [_thread_in_native, id=29224, stack(0x000000bed7200000,0x000000bed7300000) (1024K)]
  0x000001e363a575a0 JavaThread "Thread-3"                   daemon [_thread_in_native, id=22712, stack(0x000000bed7300000,0x000000bed7400000) (1024K)]
  0x000001e363a57c30 JavaThread "Thread-4"                   daemon [_thread_in_native, id=14908, stack(0x000000bed7400000,0x000000bed7500000) (1024K)]
  0x000001e363a582c0 JavaThread "Thread-5"                   daemon [_thread_in_native, id=18076, stack(0x000000bed7500000,0x000000bed7600000) (1024K)]
  0x000001e363a54e40 JavaThread "Thread-6"                   daemon [_thread_in_native, id=32380, stack(0x000000bed7600000,0x000000bed7700000) (1024K)]
  0x000001e363a58950 JavaThread "Thread-7"                   daemon [_thread_in_native, id=29620, stack(0x000000bed7700000,0x000000bed7800000) (1024K)]
  0x000001e363a5a390 JavaThread "Thread-8"                   daemon [_thread_in_native, id=11948, stack(0x000000bed7800000,0x000000bed7900000) (1024K)]
  0x000001e363a5bdd0 JavaThread "Thread-9"                   daemon [_thread_in_native, id=3664, stack(0x000000bed7900000,0x000000bed7a00000) (1024K)]
  0x000001e363a5aa20 JavaThread "Thread-10"                  daemon [_thread_in_native, id=19708, stack(0x000000bed7a00000,0x000000bed7b00000) (1024K)]
  0x000001e363a5b0b0 JavaThread "Thread-11"                  daemon [_thread_in_native, id=22776, stack(0x000000bed7b00000,0x000000bed7c00000) (1024K)]
  0x000001e363a5b740 JavaThread "Thread-12"                  daemon [_thread_in_native, id=28376, stack(0x000000bed7c00000,0x000000bed7d00000) (1024K)]
  0x000001e363a58fe0 JavaThread "Thread-13"                  daemon [_thread_in_native, id=11956, stack(0x000000bed7d00000,0x000000bed7e00000) (1024K)]
  0x000001e363a59670 JavaThread "pool-2-thread-1"                   [_thread_blocked, id=25528, stack(0x000000bed7f00000,0x000000bed8000000) (1024K)]
  0x000001e363a59d00 JavaThread "WorkspaceEventsHandler"            [_thread_blocked, id=15248, stack(0x000000bed8000000,0x000000bed8100000) (1024K)]
  0x000001e363843290 JavaThread "pool-1-thread-1"                   [_thread_blocked, id=4968, stack(0x000000bed8100000,0x000000bed8200000) (1024K)]
=>0x000001e361b3bde0 JavaThread "C2 CompilerThread1"         daemon [_thread_in_native, id=29968, stack(0x000000bed6900000,0x000000bed6a00000) (1024K)]
  0x000001e363844640 JavaThread "LocalFile Deleter"          daemon [_thread_blocked, id=32412, stack(0x000000bed4500000,0x000000bed4600000) (1024K)]
  0x000001e363843920 JavaThread "LocalFile Deleter"          daemon [_thread_blocked, id=14828, stack(0x000000bed8200000,0x000000bed8300000) (1024K)]
  0x000001e363843fb0 JavaThread "LocalFile Deleter"          daemon [_thread_blocked, id=7300, stack(0x000000bed8300000,0x000000bed8400000) (1024K)]
  0x000001e363844cd0 JavaThread "LocalFile Deleter"          daemon [_thread_blocked, id=4276, stack(0x000000bed8400000,0x000000bed8500000) (1024K)]
  0x000001e363842570 JavaThread "LocalFile Deleter"          daemon [_thread_blocked, id=29800, stack(0x000000bed8500000,0x000000bed8600000) (1024K)]
  0x000001e363845360 JavaThread "LocalFile Deleter"          daemon [_thread_blocked, id=32976, stack(0x000000bed8600000,0x000000bed8700000) (1024K)]
  0x000001e363841ee0 JavaThread "LocalFile Deleter"          daemon [_thread_blocked, id=34580, stack(0x000000bed8700000,0x000000bed8800000) (1024K)]
  0x000001e3638459f0 JavaThread "LocalFile Deleter"          daemon [_thread_blocked, id=5600, stack(0x000000bed8800000,0x000000bed8900000) (1024K)]
  0x000001e363846080 JavaThread "LocalFile Deleter"          daemon [_thread_blocked, id=25992, stack(0x000000bed8900000,0x000000bed8a00000) (1024K)]
  0x000001e363842c00 JavaThread "LocalFile Deleter"          daemon [_thread_blocked, id=29496, stack(0x000000bed8a00000,0x000000bed8b00000) (1024K)]
  0x000001e363849500 JavaThread "LocalFile Deleter"          daemon [_thread_blocked, id=19720, stack(0x000000bed8b00000,0x000000bed8c00000) (1024K)]
  0x000001e363847ac0 JavaThread "LocalFile Deleter"          daemon [_thread_blocked, id=11976, stack(0x000000bed8c00000,0x000000bed8d00000) (1024K)]
  0x000001e3638487e0 JavaThread "Compiler Source File Reader" daemon [_thread_blocked, id=24876, stack(0x000000bed8d00000,0x000000bed8e00000) (1024K)]
  0x000001e363848150 JavaThread "Compiler Source File Reader" daemon [_thread_blocked, id=11228, stack(0x000000bed8e00000,0x000000bed8f00000) (1024K)]
  0x000001e363846710 JavaThread "Compiler Source File Reader" daemon [_thread_blocked, id=27052, stack(0x000000bed8f00000,0x000000bed9000000) (1024K)]
  0x000001e363846da0 JavaThread "Compiler Source File Reader" daemon [_thread_blocked, id=25252, stack(0x000000bed9000000,0x000000bed9100000) (1024K)]
  0x000001e363847430 JavaThread "Compiler Source File Reader" daemon [_thread_blocked, id=15212, stack(0x000000bed9100000,0x000000bed9200000) (1024K)]
  0x000001e363848e70 JavaThread "Compiler Source File Reader" daemon [_thread_blocked, id=12468, stack(0x000000bed9200000,0x000000bed9300000) (1024K)]
  0x000001e3645d2dc0 JavaThread "Compiler Source File Reader" daemon [_thread_blocked, id=34752, stack(0x000000bed9300000,0x000000bed9400000) (1024K)]
  0x000001e3645d1a10 JavaThread "Compiler Source File Reader" daemon [_thread_blocked, id=14076, stack(0x000000bed9400000,0x000000bed9500000) (1024K)]
  0x000001e3645d20a0 JavaThread "Compiler Source File Reader" daemon [_thread_blocked, id=12864, stack(0x000000bed9500000,0x000000bed9600000) (1024K)]
  0x000001e3645d2730 JavaThread "Compiler Source File Reader" daemon [_thread_blocked, id=10232, stack(0x000000bed9600000,0x000000bed9700000) (1024K)]
  0x000001e3645d3450 JavaThread "Compiler Processing Task"   daemon [_thread_blocked, id=32008, stack(0x000000bed9700000,0x000000bed9800000) (1024K)]
  0x000001e3645d3ae0 JavaThread "Compiler Class File Writer" daemon [_thread_blocked, id=7192, stack(0x000000bed9800000,0x000000bed9900000) (1024K)]
  0x000001e3645d0660 JavaThread "Compiler Class File Writer" daemon [_thread_blocked, id=29336, stack(0x000000bed9900000,0x000000bed9a00000) (1024K)]
  0x000001e3645d4170 JavaThread "Compiler Class File Writer" daemon [_thread_blocked, id=26424, stack(0x000000bed9a00000,0x000000bed9b00000) (1024K)]
  0x000001e3645d4800 JavaThread "Compiler Class File Writer" daemon [_thread_blocked, id=25792, stack(0x000000bed9b00000,0x000000bed9c00000) (1024K)]
  0x000001e3645d1380 JavaThread "Compiler Class File Writer" daemon [_thread_blocked, id=34140, stack(0x000000bed9c00000,0x000000bed9d00000) (1024K)]
  0x000001e3645d6f60 JavaThread "Compiler Class File Writer" daemon [_thread_blocked, id=13836, stack(0x000000bed9d00000,0x000000bed9e00000) (1024K)]
  0x000001e3645d75f0 JavaThread "Compiler Class File Writer" daemon [_thread_blocked, id=33940, stack(0x000000bed9e00000,0x000000bed9f00000) (1024K)]
  0x000001e3645d5520 JavaThread "Compiler Class File Writer" daemon [_thread_blocked, id=564, stack(0x000000bed9f00000,0x000000beda000000) (1024K)]
  0x000001e3645d4e90 JavaThread "Compiler Class File Writer" daemon [_thread_blocked, id=2484, stack(0x000000beda000000,0x000000beda100000) (1024K)]
  0x000001e3645d68d0 JavaThread "Compiler Class File Writer" daemon [_thread_blocked, id=14240, stack(0x000000beda100000,0x000000beda200000) (1024K)]
  0x000001e3645d5bb0 JavaThread "ForkJoinPool.commonPool-worker-1" daemon [_thread_blocked, id=19032, stack(0x000000beda200000,0x000000beda300000) (1024K)]
  0x000001e3645d6240 JavaThread "ForkJoinPool.commonPool-worker-2" daemon [_thread_blocked, id=3308, stack(0x000000beda300000,0x000000beda400000) (1024K)]
  0x000001e363a56f10 JavaThread "ForkJoinPool.commonPool-worker-3" daemon [_thread_blocked, id=15000, stack(0x000000beda400000,0x000000beda500000) (1024K)]
  0x000001e372fcdff0 JavaThread "ForkJoinPool.commonPool-worker-4" daemon [_thread_blocked, id=8080, stack(0x000000beda500000,0x000000beda600000) (1024K)]
  0x000001e372fd00c0 JavaThread "ForkJoinPool.commonPool-worker-5" daemon [_thread_blocked, id=26528, stack(0x000000beda600000,0x000000beda700000) (1024K)]
  0x000001e363bf7ff0 JavaThread "C2 CompilerThread2"         daemon [_thread_blocked, id=15564, stack(0x000000bed4400000,0x000000bed4500000) (1024K)]
Total: 83

Other Threads:
  0x000001e3026eea60 VMThread "VM Thread"                           [id=19864, stack(0x000000bed4a00000,0x000000bed4b00000) (1024K)]
  0x000001e3024bca00 WatcherThread "VM Periodic Task Thread"        [id=31016, stack(0x000000bed4900000,0x000000bed4a00000) (1024K)]
  0x000001e302652410 WorkerThread "GC Thread#0"                     [id=8688, stack(0x000000bed4800000,0x000000bed4900000) (1024K)]
  0x000001e3609b0fb0 WorkerThread "GC Thread#1"                     [id=9628, stack(0x000000bed5700000,0x000000bed5800000) (1024K)]
  0x000001e3609b5430 WorkerThread "GC Thread#2"                     [id=12060, stack(0x000000bed5800000,0x000000bed5900000) (1024K)]
  0x000001e3609b57d0 WorkerThread "GC Thread#3"                     [id=26568, stack(0x000000bed5900000,0x000000bed5a00000) (1024K)]
  0x000001e3609b5b70 WorkerThread "GC Thread#4"                     [id=34516, stack(0x000000bed5a00000,0x000000bed5b00000) (1024K)]
  0x000001e360a45090 WorkerThread "GC Thread#5"                     [id=19516, stack(0x000000bed5b00000,0x000000bed5c00000) (1024K)]
  0x000001e36074acb0 WorkerThread "GC Thread#6"                     [id=33460, stack(0x000000bed5c00000,0x000000bed5d00000) (1024K)]
  0x000001e36074b790 WorkerThread "GC Thread#7"                     [id=23816, stack(0x000000bed5e00000,0x000000bed5f00000) (1024K)]
  0x000001e36074bb30 WorkerThread "GC Thread#8"                     [id=6512, stack(0x000000bed6100000,0x000000bed6200000) (1024K)]
  0x000001e36074bed0 WorkerThread "GC Thread#9"                     [id=26308, stack(0x000000bed6200000,0x000000bed6300000) (1024K)]
Total: 12

Threads with active compile tasks:
C2 CompilerThread1  74639 19109       4       org.eclipse.core.internal.dtree.AbstractDataTreeNode::assembleWith (502 bytes)
Total: 1

VM state: not at safepoint (normal execution)

VM Mutex/Monitor currently owned by a thread: None

Heap address: 0x0000000080000000, size: 2048 MB, Compressed Oops mode: 32-bit

CDS archive(s) mapped at: [0x000001e319000000-0x000001e319ba0000-0x000001e319ba0000), size 12189696, SharedBaseAddress: 0x000001e319000000, ArchiveRelocationMode: 1.
Compressed class space mapped at: 0x000001e31a000000-0x000001e35a000000, reserved size: 1073741824
Narrow klass base: 0x000001e319000000, Narrow klass shift: 0, Narrow klass range: 0x100000000

GC Precious Log:
 CardTable entry size: 512
 CPUs: 12 total, 12 available
 Memory: 15706M
 Large Page Support: Disabled
 NUMA Support: Disabled
 Compressed Oops: Enabled (32-bit)
 Alignments: Space 512K, Generation 512K, Heap 2M
 Heap Min Capacity: 100M
 Heap Initial Capacity: 100M
 Heap Max Capacity: 2G
 Pre-touch: Disabled
 Parallel Workers: 10

Heap:
 PSYoungGen      total 5632K, used 2782K [0x00000000d5580000, 0x00000000d5c00000, 0x0000000100000000)
  eden space 4608K, 42% used [0x00000000d5580000,0x00000000d576d698,0x00000000d5a00000)
  from space 1024K, 79% used [0x00000000d5b00000,0x00000000d5bca520,0x00000000d5c00000)
  to   space 1024K, 0% used [0x00000000d5a00000,0x00000000d5a00000,0x00000000d5b00000)
 ParOldGen       total 807936K, used 541164K [0x0000000080000000, 0x00000000b1500000, 0x00000000d5580000)
  object space 807936K, 66% used [0x0000000080000000,0x00000000a107b1e8,0x00000000b1500000)
 Metaspace       used 72114K, committed 73728K, reserved 1179648K
  class space    used 7142K, committed 7872K, reserved 1048576K

Card table byte_map: [0x000001e301fd0000,0x000001e3023e0000] _byte_map_base: 0x000001e301bd0000

Marking Bits: (ParMarkBitMap*) 0x00007ff8bd172460
 Begin Bits: [0x000001e314ae0000, 0x000001e316ae0000)
 End Bits:   [0x000001e316ae0000, 0x000001e318ae0000)

Polling page: 0x000001e300440000

Metaspace:

Usage:
  Non-class:     63.45 MB used.
      Class:      6.98 MB used.
       Both:     70.42 MB used.

Virtual space:
  Non-class space:      128.00 MB reserved,      64.31 MB ( 50%) committed,  2 nodes.
      Class space:        1.00 GB reserved,       7.69 MB ( <1%) committed,  1 nodes.
             Both:        1.12 GB reserved,      72.00 MB (  6%) committed. 

Chunk freelists:
   Non-Class:  15.34 MB
       Class:  8.28 MB
        Both:  23.63 MB

MaxMetaspaceSize: unlimited
CompressedClassSpaceSize: 1.00 GB
Initial GC threshold: 21.00 MB
Current GC threshold: 118.06 MB
CDS: on
 - commit_granule_bytes: 65536.
 - commit_granule_words: 8192.
 - virtual_space_node_default_size: 8388608.
 - enlarge_chunks_in_place: 1.
 - use_allocation_guard: 0.


Internal statistics:

num_allocs_failed_limit: 9.
num_arena_births: 1438.
num_arena_deaths: 24.
num_vsnodes_births: 3.
num_vsnodes_deaths: 0.
num_space_committed: 1152.
num_space_uncommitted: 0.
num_chunks_returned_to_freelist: 33.
num_chunks_taken_from_freelist: 5186.
num_chunk_merges: 10.
num_chunk_splits: 2994.
num_chunks_enlarged: 1466.
num_inconsistent_stats: 0.

CodeHeap 'non-profiled nmethods': size=120000Kb used=15486Kb max_used=15486Kb free=104513Kb
 bounds [0x000001e30d300000, 0x000001e30e220000, 0x000001e314830000]
CodeHeap 'profiled nmethods': size=120000Kb used=41832Kb max_used=41832Kb free=78167Kb
 bounds [0x000001e305830000, 0x000001e308110000, 0x000001e30cd60000]
CodeHeap 'non-nmethods': size=5760Kb used=1459Kb max_used=1624Kb free=4300Kb
 bounds [0x000001e30cd60000, 0x000001e30cfd0000, 0x000001e30d300000]
CodeCache: size=245760Kb, used=58777Kb, max_used=58942Kb, free=186980Kb
 total_blobs=17866, nmethods=17089, adapters=679, full_count=0
Compilation: enabled, stopped_count=0, restarted_count=0

Compilation events (20 events):
Event: 72.065 Thread 0x000001e3600221e0 nmethod 19167 0x000001e3080e0d10 code [0x000001e3080e0ee0, 0x000001e3080e11d8]
Event: 72.065 Thread 0x000001e3600221e0 19168  s    3       java.lang.Throwable::getOurStackTrace (51 bytes)
Event: 72.065 Thread 0x000001e3600221e0 nmethod 19168 0x000001e3080e1310 code [0x000001e3080e14e0, 0x000001e3080e1830]
Event: 72.099 Thread 0x000001e3600221e0 19169       3       org.eclipse.osgi.internal.log.EquinoxLogWriter::isLoggable (22 bytes)
Event: 72.099 Thread 0x000001e3600221e0 nmethod 19169 0x000001e3080e1910 code [0x000001e3080e1ac0, 0x000001e3080e1c90]
Event: 72.099 Thread 0x000001e3600221e0 19170       1       org.eclipse.osgi.framework.log.FrameworkLogEntry::getEntry (5 bytes)
Event: 72.100 Thread 0x000001e3600221e0 nmethod 19170 0x000001e30e1fde10 code [0x000001e30e1fdfa0, 0x000001e30e1fe068]
Event: 72.100 Thread 0x000001e3600221e0 19171       1       org.eclipse.osgi.framework.log.FrameworkLogEntry::getBundleCode (5 bytes)
Event: 72.100 Thread 0x000001e3600221e0 nmethod 19171 0x000001e30e1fe110 code [0x000001e30e1fe2a0, 0x000001e30e1fe368]
Event: 72.100 Thread 0x000001e3600221e0 19172       1       org.eclipse.osgi.framework.log.FrameworkLogEntry::getMessage (5 bytes)
Event: 72.100 Thread 0x000001e3600221e0 nmethod 19172 0x000001e30e1fe410 code [0x000001e30e1fe5a0, 0x000001e30e1fe668]
Event: 72.100 Thread 0x000001e3600221e0 19173       1       org.eclipse.osgi.framework.log.FrameworkLogEntry::getThrowable (5 bytes)
Event: 72.101 Thread 0x000001e3600221e0 nmethod 19173 0x000001e30e1fe710 code [0x000001e30e1fe8a0, 0x000001e30e1fe968]
Event: 72.101 Thread 0x000001e3600221e0 19174       1       org.eclipse.osgi.framework.log.FrameworkLogEntry::getChildren (5 bytes)
Event: 72.101 Thread 0x000001e3600221e0 nmethod 19174 0x000001e30e1fea10 code [0x000001e30e1feba0, 0x000001e30e1fec68]
Event: 72.106 Thread 0x000001e3600221e0 19175       3       org.eclipse.jdt.internal.core.JavaModelOperation::isTopLevelOperation (24 bytes)
Event: 72.107 Thread 0x000001e3600221e0 nmethod 19175 0x000001e3080e1d10 code [0x000001e3080e1f80, 0x000001e3080e2cf8]
Event: 72.171 Thread 0x000001e3600221e0 19176       3       org.eclipse.jdt.internal.compiler.lookup.MethodVerifier::checkAgainstInheritedMethods (606 bytes)
Event: 73.914 Thread 0x000001e3600221e0 nmethod 19176 0x000001e3080e3110 code [0x000001e3080e3660, 0x000001e3080e6d68]
Event: 73.916 Thread 0x000001e3600221e0 19180   !   3       org.eclipse.core.internal.jobs.JobManager::select (160 bytes)

GC Heap History (20 events):
Event: 71.676 GC heap after
{Heap after GC invocations=1349 (full 4):
 PSYoungGen      total 5632K, used 704K [0x00000000d5580000, 0x00000000d5c00000, 0x0000000100000000)
  eden space 4608K, 0% used [0x00000000d5580000,0x00000000d5580000,0x00000000d5a00000)
  from space 1024K, 68% used [0x00000000d5a00000,0x00000000d5ab0000,0x00000000d5b00000)
  to   space 1024K, 0% used [0x00000000d5b00000,0x00000000d5b00000,0x00000000d5c00000)
 ParOldGen       total 807936K, used 527870K [0x0000000080000000, 0x00000000b1500000, 0x00000000d5580000)
  object space 807936K, 65% used [0x0000000080000000,0x00000000a037fa80,0x00000000b1500000)
 Metaspace       used 72034K, committed 73664K, reserved 1179648K
  class space    used 7142K, committed 7872K, reserved 1048576K
}
Event: 71.706 GC heap before
{Heap before GC invocations=1350 (full 4):
 PSYoungGen      total 5632K, used 5312K [0x00000000d5580000, 0x00000000d5c00000, 0x0000000100000000)
  eden space 4608K, 100% used [0x00000000d5580000,0x00000000d5a00000,0x00000000d5a00000)
  from space 1024K, 68% used [0x00000000d5a00000,0x00000000d5ab0000,0x00000000d5b00000)
  to   space 1024K, 0% used [0x00000000d5b00000,0x00000000d5b00000,0x00000000d5c00000)
 ParOldGen       total 807936K, used 527870K [0x0000000080000000, 0x00000000b1500000, 0x00000000d5580000)
  object space 807936K, 65% used [0x0000000080000000,0x00000000a037fa80,0x00000000b1500000)
 Metaspace       used 72040K, committed 73664K, reserved 1179648K
  class space    used 7142K, committed 7872K, reserved 1048576K
}
Event: 71.709 GC heap after
{Heap after GC invocations=1350 (full 4):
 PSYoungGen      total 5632K, used 704K [0x00000000d5580000, 0x00000000d5c00000, 0x0000000100000000)
  eden space 4608K, 0% used [0x00000000d5580000,0x00000000d5580000,0x00000000d5a00000)
  from space 1024K, 68% used [0x00000000d5b00000,0x00000000d5bb0000,0x00000000d5c00000)
  to   space 1024K, 0% used [0x00000000d5a00000,0x00000000d5a00000,0x00000000d5b00000)
 ParOldGen       total 807936K, used 528433K [0x0000000080000000, 0x00000000b1500000, 0x00000000d5580000)
  object space 807936K, 65% used [0x0000000080000000,0x00000000a040c690,0x00000000b1500000)
 Metaspace       used 72040K, committed 73664K, reserved 1179648K
  class space    used 7142K, committed 7872K, reserved 1048576K
}
Event: 71.755 GC heap before
{Heap before GC invocations=1351 (full 4):
 PSYoungGen      total 5632K, used 5312K [0x00000000d5580000, 0x00000000d5c00000, 0x0000000100000000)
  eden space 4608K, 100% used [0x00000000d5580000,0x00000000d5a00000,0x00000000d5a00000)
  from space 1024K, 68% used [0x00000000d5b00000,0x00000000d5bb0000,0x00000000d5c00000)
  to   space 1024K, 0% used [0x00000000d5a00000,0x00000000d5a00000,0x00000000d5b00000)
 ParOldGen       total 807936K, used 528433K [0x0000000080000000, 0x00000000b1500000, 0x00000000d5580000)
  object space 807936K, 65% used [0x0000000080000000,0x00000000a040c690,0x00000000b1500000)
 Metaspace       used 72054K, committed 73664K, reserved 1179648K
  class space    used 7142K, committed 7872K, reserved 1048576K
}
Event: 71.757 GC heap after
{Heap after GC invocations=1351 (full 4):
 PSYoungGen      total 5632K, used 672K [0x00000000d5580000, 0x00000000d5c00000, 0x0000000100000000)
  eden space 4608K, 0% used [0x00000000d5580000,0x00000000d5580000,0x00000000d5a00000)
  from space 1024K, 65% used [0x00000000d5a00000,0x00000000d5aa8000,0x00000000d5b00000)
  to   space 1024K, 0% used [0x00000000d5b00000,0x00000000d5b00000,0x00000000d5c00000)
 ParOldGen       total 807936K, used 528993K [0x0000000080000000, 0x00000000b1500000, 0x00000000d5580000)
  object space 807936K, 65% used [0x0000000080000000,0x00000000a0498690,0x00000000b1500000)
 Metaspace       used 72054K, committed 73664K, reserved 1179648K
  class space    used 7142K, committed 7872K, reserved 1048576K
}
Event: 71.775 GC heap before
{Heap before GC invocations=1352 (full 4):
 PSYoungGen      total 5632K, used 5279K [0x00000000d5580000, 0x00000000d5c00000, 0x0000000100000000)
  eden space 4608K, 99% used [0x00000000d5580000,0x00000000d59fffb8,0x00000000d5a00000)
  from space 1024K, 65% used [0x00000000d5a00000,0x00000000d5aa8000,0x00000000d5b00000)
  to   space 1024K, 0% used [0x00000000d5b00000,0x00000000d5b00000,0x00000000d5c00000)
 ParOldGen       total 807936K, used 528993K [0x0000000080000000, 0x00000000b1500000, 0x00000000d5580000)
  object space 807936K, 65% used [0x0000000080000000,0x00000000a0498690,0x00000000b1500000)
 Metaspace       used 72058K, committed 73664K, reserved 1179648K
  class space    used 7142K, committed 7872K, reserved 1048576K
}
Event: 71.778 GC heap after
{Heap after GC invocations=1352 (full 4):
 PSYoungGen      total 5632K, used 804K [0x00000000d5580000, 0x00000000d5c00000, 0x0000000100000000)
  eden space 4608K, 0% used [0x00000000d5580000,0x00000000d5580000,0x00000000d5a00000)
  from space 1024K, 78% used [0x00000000d5b00000,0x00000000d5bc9210,0x00000000d5c00000)
  to   space 1024K, 0% used [0x00000000d5a00000,0x00000000d5a00000,0x00000000d5b00000)
 ParOldGen       total 807936K, used 529513K [0x0000000080000000, 0x00000000b1500000, 0x00000000d5580000)
  object space 807936K, 65% used [0x0000000080000000,0x00000000a051a690,0x00000000b1500000)
 Metaspace       used 72058K, committed 73664K, reserved 1179648K
  class space    used 7142K, committed 7872K, reserved 1048576K
}
Event: 71.830 GC heap before
{Heap before GC invocations=1353 (full 4):
 PSYoungGen      total 5632K, used 5412K [0x00000000d5580000, 0x00000000d5c00000, 0x0000000100000000)
  eden space 4608K, 100% used [0x00000000d5580000,0x00000000d5a00000,0x00000000d5a00000)
  from space 1024K, 78% used [0x00000000d5b00000,0x00000000d5bc9210,0x00000000d5c00000)
  to   space 1024K, 0% used [0x00000000d5a00000,0x00000000d5a00000,0x00000000d5b00000)
 ParOldGen       total 807936K, used 529513K [0x0000000080000000, 0x00000000b1500000, 0x00000000d5580000)
  object space 807936K, 65% used [0x0000000080000000,0x00000000a051a690,0x00000000b1500000)
 Metaspace       used 72060K, committed 73664K, reserved 1179648K
  class space    used 7142K, committed 7872K, reserved 1048576K
}
Event: 71.833 GC heap after
{Heap after GC invocations=1353 (full 4):
 PSYoungGen      total 5632K, used 996K [0x00000000d5580000, 0x00000000d5e00000, 0x0000000100000000)
  eden space 4608K, 0% used [0x00000000d5580000,0x00000000d5580000,0x00000000d5a00000)
  from space 1024K, 97% used [0x00000000d5a00000,0x00000000d5af9100,0x00000000d5b00000)
  to   space 2048K, 0% used [0x00000000d5c00000,0x00000000d5c00000,0x00000000d5e00000)
 ParOldGen       total 807936K, used 530230K [0x0000000080000000, 0x00000000b1500000, 0x00000000d5580000)
  object space 807936K, 65% used [0x0000000080000000,0x00000000a05cd8a0,0x00000000b1500000)
 Metaspace       used 72060K, committed 73664K, reserved 1179648K
  class space    used 7142K, committed 7872K, reserved 1048576K
}
Event: 71.868 GC heap before
{Heap before GC invocations=1354 (full 4):
 PSYoungGen      total 5632K, used 5604K [0x00000000d5580000, 0x00000000d5e00000, 0x0000000100000000)
  eden space 4608K, 99% used [0x00000000d5580000,0x00000000d59ffff0,0x00000000d5a00000)
  from space 1024K, 97% used [0x00000000d5a00000,0x00000000d5af9100,0x00000000d5b00000)
  to   space 2048K, 0% used [0x00000000d5c00000,0x00000000d5c00000,0x00000000d5e00000)
 ParOldGen       total 807936K, used 530230K [0x0000000080000000, 0x00000000b1500000, 0x00000000d5580000)
  object space 807936K, 65% used [0x0000000080000000,0x00000000a05cd8a0,0x00000000b1500000)
 Metaspace       used 72062K, committed 73664K, reserved 1179648K
  class space    used 7142K, committed 7872K, reserved 1048576K
}
Event: 71.876 GC heap after
{Heap after GC invocations=1354 (full 4):
 PSYoungGen      total 6656K, used 1882K [0x00000000d5580000, 0x00000000d5e00000, 0x0000000100000000)
  eden space 4608K, 0% used [0x00000000d5580000,0x00000000d5580000,0x00000000d5a00000)
  from space 2048K, 91% used [0x00000000d5c00000,0x00000000d5dd6800,0x00000000d5e00000)
  to   space 2048K, 0% used [0x00000000d5a00000,0x00000000d5a00000,0x00000000d5c00000)
 ParOldGen       total 807936K, used 530852K [0x0000000080000000, 0x00000000b1500000, 0x00000000d5580000)
  object space 807936K, 65% used [0x0000000080000000,0x00000000a06690c0,0x00000000b1500000)
 Metaspace       used 72062K, committed 73664K, reserved 1179648K
  class space    used 7142K, committed 7872K, reserved 1048576K
}
Event: 71.923 GC heap before
{Heap before GC invocations=1355 (full 4):
 PSYoungGen      total 6656K, used 6490K [0x00000000d5580000, 0x00000000d5e00000, 0x0000000100000000)
  eden space 4608K, 100% used [0x00000000d5580000,0x00000000d5a00000,0x00000000d5a00000)
  from space 2048K, 91% used [0x00000000d5c00000,0x00000000d5dd6800,0x00000000d5e00000)
  to   space 2048K, 0% used [0x00000000d5a00000,0x00000000d5a00000,0x00000000d5c00000)
 ParOldGen       total 807936K, used 530852K [0x0000000080000000, 0x00000000b1500000, 0x00000000d5580000)
  object space 807936K, 65% used [0x0000000080000000,0x00000000a06690c0,0x00000000b1500000)
 Metaspace       used 72065K, committed 73664K, reserved 1179648K
  class space    used 7142K, committed 7872K, reserved 1048576K
}
Event: 71.927 GC heap after
{Heap after GC invocations=1355 (full 4):
 PSYoungGen      total 6144K, used 1270K [0x00000000d5580000, 0x00000000d5d00000, 0x0000000100000000)
  eden space 4608K, 0% used [0x00000000d5580000,0x00000000d5580000,0x00000000d5a00000)
  from space 1536K, 82% used [0x00000000d5a00000,0x00000000d5b3da00,0x00000000d5b80000)
  to   space 1536K, 0% used [0x00000000d5b80000,0x00000000d5b80000,0x00000000d5d00000)
 ParOldGen       total 807936K, used 532328K [0x0000000080000000, 0x00000000b1500000, 0x00000000d5580000)
  object space 807936K, 65% used [0x0000000080000000,0x00000000a07da190,0x00000000b1500000)
 Metaspace       used 72065K, committed 73664K, reserved 1179648K
  class space    used 7142K, committed 7872K, reserved 1048576K
}
Event: 71.969 GC heap before
{Heap before GC invocations=1356 (full 4):
 PSYoungGen      total 6144K, used 5878K [0x00000000d5580000, 0x00000000d5d00000, 0x0000000100000000)
  eden space 4608K, 100% used [0x00000000d5580000,0x00000000d5a00000,0x00000000d5a00000)
  from space 1536K, 82% used [0x00000000d5a00000,0x00000000d5b3da00,0x00000000d5b80000)
  to   space 1536K, 0% used [0x00000000d5b80000,0x00000000d5b80000,0x00000000d5d00000)
 ParOldGen       total 807936K, used 532328K [0x0000000080000000, 0x00000000b1500000, 0x00000000d5580000)
  object space 807936K, 65% used [0x0000000080000000,0x00000000a07da190,0x00000000b1500000)
 Metaspace       used 72066K, committed 73664K, reserved 1179648K
  class space    used 7142K, committed 7872K, reserved 1048576K
}
Event: 71.975 GC heap after
{Heap after GC invocations=1356 (full 4):
 PSYoungGen      total 5632K, used 794K [0x00000000d5580000, 0x00000000d5c80000, 0x0000000100000000)
  eden space 4608K, 0% used [0x00000000d5580000,0x00000000d5580000,0x00000000d5a00000)
  from space 1024K, 77% used [0x00000000d5b80000,0x00000000d5c46920,0x00000000d5c80000)
  to   space 1024K, 0% used [0x00000000d5a80000,0x00000000d5a80000,0x00000000d5b80000)
 ParOldGen       total 807936K, used 533404K [0x0000000080000000, 0x00000000b1500000, 0x00000000d5580000)
  object space 807936K, 66% used [0x0000000080000000,0x00000000a08e7398,0x00000000b1500000)
 Metaspace       used 72066K, committed 73664K, reserved 1179648K
  class space    used 7142K, committed 7872K, reserved 1048576K
}
Event: 72.024 GC heap before
{Heap before GC invocations=1357 (full 4):
 PSYoungGen      total 5632K, used 5402K [0x00000000d5580000, 0x00000000d5c80000, 0x0000000100000000)
  eden space 4608K, 100% used [0x00000000d5580000,0x00000000d5a00000,0x00000000d5a00000)
  from space 1024K, 77% used [0x00000000d5b80000,0x00000000d5c46920,0x00000000d5c80000)
  to   space 1024K, 0% used [0x00000000d5a80000,0x00000000d5a80000,0x00000000d5b80000)
 ParOldGen       total 807936K, used 533404K [0x0000000080000000, 0x00000000b1500000, 0x00000000d5580000)
  object space 807936K, 66% used [0x0000000080000000,0x00000000a08e7398,0x00000000b1500000)
 Metaspace       used 72071K, committed 73664K, reserved 1179648K
  class space    used 7142K, committed 7872K, reserved 1048576K
}
Event: 72.027 GC heap after
{Heap after GC invocations=1357 (full 4):
 PSYoungGen      total 5632K, used 820K [0x00000000d5580000, 0x00000000d5c00000, 0x0000000100000000)
  eden space 4608K, 0% used [0x00000000d5580000,0x00000000d5580000,0x00000000d5a00000)
  from space 1024K, 80% used [0x00000000d5a80000,0x00000000d5b4d200,0x00000000d5b80000)
  to   space 512K, 0% used [0x00000000d5b80000,0x00000000d5b80000,0x00000000d5c00000)
 ParOldGen       total 807936K, used 534021K [0x0000000080000000, 0x00000000b1500000, 0x00000000d5580000)
  object space 807936K, 66% used [0x0000000080000000,0x00000000a09815f8,0x00000000b1500000)
 Metaspace       used 72071K, committed 73664K, reserved 1179648K
  class space    used 7142K, committed 7872K, reserved 1048576K
}
Event: 72.119 GC heap before
{Heap before GC invocations=1358 (full 4):
 PSYoungGen      total 5632K, used 5428K [0x00000000d5580000, 0x00000000d5c00000, 0x0000000100000000)
  eden space 4608K, 100% used [0x00000000d5580000,0x00000000d5a00000,0x00000000d5a00000)
  from space 1024K, 80% used [0x00000000d5a80000,0x00000000d5b4d200,0x00000000d5b80000)
  to   space 512K, 0% used [0x00000000d5b80000,0x00000000d5b80000,0x00000000d5c00000)
 ParOldGen       total 807936K, used 534021K [0x0000000080000000, 0x00000000b1500000, 0x00000000d5580000)
  object space 807936K, 66% used [0x0000000080000000,0x00000000a09815f8,0x00000000b1500000)
 Metaspace       used 72072K, committed 73664K, reserved 1179648K
  class space    used 7142K, committed 7872K, reserved 1048576K
}
Event: 72.123 GC heap after
{Heap after GC invocations=1358 (full 4):
 PSYoungGen      total 5120K, used 500K [0x00000000d5580000, 0x00000000d5d00000, 0x0000000100000000)
  eden space 4608K, 0% used [0x00000000d5580000,0x00000000d5580000,0x00000000d5a00000)
  from space 512K, 97% used [0x00000000d5b80000,0x00000000d5bfd200,0x00000000d5c00000)
  to   space 1536K, 0% used [0x00000000d5a00000,0x00000000d5a00000,0x00000000d5b80000)
 ParOldGen       total 807936K, used 534930K [0x0000000080000000, 0x00000000b1500000, 0x00000000d5580000)
  object space 807936K, 66% used [0x0000000080000000,0x00000000a0a64828,0x00000000b1500000)
 Metaspace       used 72072K, committed 73664K, reserved 1179648K
  class space    used 7142K, committed 7872K, reserved 1048576K
}
Event: 73.916 GC heap before
{Heap before GC invocations=1359 (full 4):
 PSYoungGen      total 5120K, used 5108K [0x00000000d5580000, 0x00000000d5d00000, 0x0000000100000000)
  eden space 4608K, 100% used [0x00000000d5580000,0x00000000d5a00000,0x00000000d5a00000)
  from space 512K, 97% used [0x00000000d5b80000,0x00000000d5bfd200,0x00000000d5c00000)
  to   space 1536K, 0% used [0x00000000d5a00000,0x00000000d5a00000,0x00000000d5b80000)
 ParOldGen       total 807936K, used 534930K [0x0000000080000000, 0x00000000b1500000, 0x00000000d5580000)
  object space 807936K, 66% used [0x0000000080000000,0x00000000a0a64828,0x00000000b1500000)
 Metaspace       used 72091K, committed 73728K, reserved 1179648K
  class space    used 7142K, committed 7872K, reserved 1048576K
}

Dll operation events (10 events):
Event: 0.037 Loaded shared library c:\Users\vieth\.vscode\extensions\redhat.java-1.50.0-win32-x64\jre\21.0.9-win32-x86_64\bin\java.dll
Event: 0.257 Loaded shared library c:\Users\vieth\.vscode\extensions\redhat.java-1.50.0-win32-x64\jre\21.0.9-win32-x86_64\bin\zip.dll
Event: 0.316 Loaded shared library C:\Users\vieth\.vscode\extensions\redhat.java-1.50.0-win32-x64\jre\21.0.9-win32-x86_64\bin\instrument.dll
Event: 0.328 Loaded shared library C:\Users\vieth\.vscode\extensions\redhat.java-1.50.0-win32-x64\jre\21.0.9-win32-x86_64\bin\net.dll
Event: 0.340 Loaded shared library C:\Users\vieth\.vscode\extensions\redhat.java-1.50.0-win32-x64\jre\21.0.9-win32-x86_64\bin\nio.dll
Event: 0.351 Loaded shared library C:\Users\vieth\.vscode\extensions\redhat.java-1.50.0-win32-x64\jre\21.0.9-win32-x86_64\bin\zip.dll
Event: 0.414 Loaded shared library C:\Users\vieth\.vscode\extensions\redhat.java-1.50.0-win32-x64\jre\21.0.9-win32-x86_64\bin\jimage.dll
Event: 0.797 Loaded shared library c:\Users\vieth\.vscode\extensions\redhat.java-1.50.0-win32-x64\jre\21.0.9-win32-x86_64\bin\verify.dll
Event: 4.028 Loaded shared library C:\Users\vieth\AppData\Roaming\Code\User\globalStorage\redhat.java\1.50.0\config_win\org.eclipse.equinox.launcher\org.eclipse.equinox.launcher.win32.win32.x86_64_1.2.1400.v20250801-0854\eclipse_11916.dll
Event: 12.345 Loaded shared library C:\Users\vieth\AppData\Local\Temp\jna-112204294\jna16481349222630783051.dll

Deoptimization events (20 events):
Event: 71.499 Thread 0x000001e363a554d0 DEOPT PACKING pc=0x000001e308026672 sp=0x000000bed6dfec70
Event: 71.499 Thread 0x000001e363a554d0 DEOPT UNPACKING pc=0x000001e30cdb4242 sp=0x000000bed6dfe1e8 mode 0
Event: 71.547 Thread 0x000001e363a554d0 DEOPT PACKING pc=0x000001e308026672 sp=0x000000bed6dfec70
Event: 71.547 Thread 0x000001e363a554d0 DEOPT UNPACKING pc=0x000001e30cdb4242 sp=0x000000bed6dfe1e8 mode 0
Event: 71.588 Thread 0x000001e363a554d0 DEOPT PACKING pc=0x000001e308026672 sp=0x000000bed6dfec70
Event: 71.588 Thread 0x000001e363a554d0 DEOPT UNPACKING pc=0x000001e30cdb4242 sp=0x000000bed6dfe1e8 mode 0
Event: 71.622 Thread 0x000001e363a554d0 DEOPT PACKING pc=0x000001e308026672 sp=0x000000bed6dfec70
Event: 71.622 Thread 0x000001e363a554d0 DEOPT UNPACKING pc=0x000001e30cdb4242 sp=0x000000bed6dfe1e8 mode 0
Event: 71.677 Thread 0x000001e363a554d0 DEOPT PACKING pc=0x000001e308026672 sp=0x000000bed6dfec70
Event: 71.677 Thread 0x000001e363a554d0 DEOPT UNPACKING pc=0x000001e30cdb4242 sp=0x000000bed6dfe1e8 mode 0
Event: 71.698 Thread 0x000001e363a554d0 DEOPT PACKING pc=0x000001e308026672 sp=0x000000bed6dfec70
Event: 71.698 Thread 0x000001e363a554d0 DEOPT UNPACKING pc=0x000001e30cdb4242 sp=0x000000bed6dfe1e8 mode 0
Event: 71.730 Thread 0x000001e363a554d0 DEOPT PACKING pc=0x000001e308026672 sp=0x000000bed6dfec70
Event: 71.730 Thread 0x000001e363a554d0 DEOPT UNPACKING pc=0x000001e30cdb4242 sp=0x000000bed6dfe1e8 mode 0
Event: 71.762 Thread 0x000001e363a554d0 DEOPT PACKING pc=0x000001e308026672 sp=0x000000bed6dfec70
Event: 71.762 Thread 0x000001e363a554d0 DEOPT UNPACKING pc=0x000001e30cdb4242 sp=0x000000bed6dfe1e8 mode 0
Event: 71.879 Thread 0x000001e363a547b0 DEOPT PACKING pc=0x000001e308026672 sp=0x000000bed70fe530
Event: 71.879 Thread 0x000001e363a547b0 DEOPT UNPACKING pc=0x000001e30cdb4242 sp=0x000000bed70fdaa8 mode 0
Event: 72.018 Thread 0x000001e363a547b0 DEOPT PACKING pc=0x000001e308026672 sp=0x000000bed70fe530
Event: 72.018 Thread 0x000001e363a547b0 DEOPT UNPACKING pc=0x000001e30cdb4242 sp=0x000000bed70fdaa8 mode 0

Classes loaded (20 events):
Event: 39.540 Loading class java/util/concurrent/CompletableFuture$UniExceptionally
Event: 39.541 Loading class java/util/concurrent/CompletableFuture$UniExceptionally done
Event: 39.664 Loading class java/lang/UnsupportedClassVersionError
Event: 39.664 Loading class java/lang/UnsupportedClassVersionError done
Event: 43.171 Loading class java/util/Collections$2
Event: 43.171 Loading class java/util/Collections$2 done
Event: 43.644 Loading class sun/nio/cs/ISO_8859_1$Decoder
Event: 43.645 Loading class sun/nio/cs/ISO_8859_1$Decoder done
Event: 44.085 Loading class java/io/CharArrayWriter
Event: 44.086 Loading class java/io/CharArrayWriter done
Event: 44.369 Loading class java/util/zip/CheckedInputStream
Event: 44.370 Loading class java/util/zip/CheckedInputStream done
Event: 48.509 Loading class java/nio/BufferMismatch
Event: 48.510 Loading class java/nio/BufferMismatch done
Event: 59.518 Loading class sun/nio/fs/WindowsFileCopy
Event: 59.538 Loading class sun/nio/fs/WindowsFileCopy done
Event: 66.918 Loading class java/util/regex/Pattern$End
Event: 66.924 Loading class java/util/regex/Pattern$End done
Event: 68.316 Loading class jdk/internal/module/IllegalAccessLogger
Event: 68.316 Loading class jdk/internal/module/IllegalAccessLogger done

Classes unloaded (12 events):
Event: 15.858 Thread 0x000001e3026eea60 Unloading class 0x000001e31a1ad400 'java/lang/invoke/LambdaForm$MH+0x000001e31a1ad400'
Event: 15.858 Thread 0x000001e3026eea60 Unloading class 0x000001e31a1ad000 'java/lang/invoke/LambdaForm$MH+0x000001e31a1ad000'
Event: 15.858 Thread 0x000001e3026eea60 Unloading class 0x000001e31a1acc00 'java/lang/invoke/LambdaForm$MH+0x000001e31a1acc00'
Event: 15.858 Thread 0x000001e3026eea60 Unloading class 0x000001e31a1ac800 'java/lang/invoke/LambdaForm$MH+0x000001e31a1ac800'
Event: 15.858 Thread 0x000001e3026eea60 Unloading class 0x000001e31a1ac400 'java/lang/invoke/LambdaForm$BMH+0x000001e31a1ac400'
Event: 15.858 Thread 0x000001e3026eea60 Unloading class 0x000001e31a1ac000 'java/lang/invoke/LambdaForm$DMH+0x000001e31a1ac000'
Event: 15.858 Thread 0x000001e3026eea60 Unloading class 0x000001e31a1aac00 'java/lang/invoke/LambdaForm$DMH+0x000001e31a1aac00'
Event: 35.419 Thread 0x000001e3026eea60 Unloading class 0x000001e31a668c00 'java/lang/invoke/LambdaForm$MH+0x000001e31a668c00'
Event: 35.419 Thread 0x000001e3026eea60 Unloading class 0x000001e31a668400 'java/lang/invoke/LambdaForm$MH+0x000001e31a668400'
Event: 35.419 Thread 0x000001e3026eea60 Unloading class 0x000001e31a65c400 'java/lang/invoke/LambdaForm$MH+0x000001e31a65c400'
Event: 64.406 Thread 0x000001e3026eea60 Unloading class 0x000001e31a724800 'java/lang/invoke/LambdaForm$DMH+0x000001e31a724800'
Event: 64.406 Thread 0x000001e3026eea60 Unloading class 0x000001e31a724c00 'java/lang/invoke/LambdaForm$DMH+0x000001e31a724c00'

Classes redefined (0 events):
No events

Internal exceptions (20 events):
Event: 71.627 Thread 0x000001e363844640 Exception <a 'sun/nio/fs/WindowsException'{0x00000000d55a4308}> (0x00000000d55a4308) 
thrown [s\src\hotspot\share\prims\jni.cpp, line 520]
Event: 71.629 Thread 0x000001e363843920 Exception <a 'sun/nio/fs/WindowsException'{0x00000000d55ccb90}> (0x00000000d55ccb90) 
thrown [s\src\hotspot\share\prims\jni.cpp, line 520]
Event: 71.630 Thread 0x000001e363841ee0 Exception <a 'sun/nio/fs/WindowsException'{0x00000000d56365e8}> (0x00000000d56365e8) 
thrown [s\src\hotspot\share\prims\jni.cpp, line 520]
Event: 71.630 Thread 0x000001e363847ac0 Exception <a 'sun/nio/fs/WindowsException'{0x00000000d5649900}> (0x00000000d5649900) 
thrown [s\src\hotspot\share\prims\jni.cpp, line 520]
Event: 71.630 Thread 0x000001e3638459f0 Exception <a 'sun/nio/fs/WindowsException'{0x00000000d564a928}> (0x00000000d564a928) 
thrown [s\src\hotspot\share\prims\jni.cpp, line 520]
Event: 71.630 Thread 0x000001e363845360 Exception <a 'sun/nio/fs/WindowsException'{0x00000000d565d158}> (0x00000000d565d158) 
thrown [s\src\hotspot\share\prims\jni.cpp, line 520]
Event: 71.631 Thread 0x000001e363844cd0 Exception <a 'sun/nio/fs/WindowsException'{0x00000000d564b900}> (0x00000000d564b900) 
thrown [s\src\hotspot\share\prims\jni.cpp, line 520]
Event: 71.632 Thread 0x000001e363843fb0 Exception <a 'sun/nio/fs/WindowsException'{0x00000000d565f100}> (0x00000000d565f100) 
thrown [s\src\hotspot\share\prims\jni.cpp, line 520]
Event: 71.636 Thread 0x000001e363846080 Exception <a 'sun/nio/fs/WindowsException'{0x00000000d5648ec8}> (0x00000000d5648ec8) 
thrown [s\src\hotspot\share\prims\jni.cpp, line 520]
Event: 71.637 Thread 0x000001e363842570 Exception <a 'sun/nio/fs/WindowsException'{0x00000000d565e148}> (0x00000000d565e148) 
thrown [s\src\hotspot\share\prims\jni.cpp, line 520]
Event: 71.646 Thread 0x000001e363843920 Exception <a 'sun/nio/fs/WindowsException'{0x00000000d57109f8}> (0x00000000d57109f8) 
thrown [s\src\hotspot\share\prims\jni.cpp, line 520]
Event: 71.649 Thread 0x000001e363844cd0 Exception <a 'sun/nio/fs/WindowsException'{0x00000000d57b2460}> (0x00000000d57b2460) 
thrown [s\src\hotspot\share\prims\jni.cpp, line 520]
Event: 71.657 Thread 0x000001e363843fb0 Exception <a 'sun/nio/fs/WindowsException'{0x00000000d5878dd0}> (0x00000000d5878dd0) 
thrown [s\src\hotspot\share\prims\jni.cpp, line 520]
Event: 71.658 Thread 0x000001e363849500 Exception <a 'sun/nio/fs/WindowsException'{0x00000000d56600f0}> (0x00000000d56600f0) 
thrown [s\src\hotspot\share\prims\jni.cpp, line 520]
Event: 71.665 Thread 0x000001e363843920 Exception <a 'sun/nio/fs/WindowsException'{0x00000000d589e7b8}> (0x00000000d589e7b8) 
thrown [s\src\hotspot\share\prims\jni.cpp, line 520]
Event: 71.694 Thread 0x000001e363844cd0 Exception <a 'sun/nio/fs/WindowsException'{0x00000000d5656fa8}> (0x00000000d5656fa8) 
thrown [s\src\hotspot\share\prims\jni.cpp, line 520]
Event: 71.698 Thread 0x000001e363843920 Exception <a 'sun/nio/fs/WindowsException'{0x00000000d58ec2c8}> (0x00000000d58ec2c8) 
thrown [s\src\hotspot\share\prims\jni.cpp, line 520]
Event: 71.710 Thread 0x000001e363843fb0 Exception <a 'sun/nio/fs/WindowsException'{0x00000000d55998d0}> (0x00000000d55998d0) 
thrown [s\src\hotspot\share\prims\jni.cpp, line 520]
Event: 71.739 Thread 0x000001e363844cd0 Exception <a 'sun/nio/fs/WindowsException'{0x00000000d58bf3f8}> (0x00000000d58bf3f8) 
thrown [s\src\hotspot\share\prims\jni.cpp, line 520]
Event: 72.154 Thread 0x000001e363a554d0 Exception <a 'sun/nio/fs/WindowsException'{0x00000000d56a66c8}> (0x00000000d56a66c8) 
thrown [s\src\hotspot\share\prims\jni.cpp, line 520]

ZGC Phase Switch (0 events):
No events

VM Operations (20 events):
Event: 71.709 Executing VM operation: ParallelGCFailedAllocation (Allocation Failure) done
Event: 71.755 Executing VM operation: ParallelGCFailedAllocation (Allocation Failure)
Event: 71.757 Executing VM operation: ParallelGCFailedAllocation (Allocation Failure) done
Event: 71.774 Executing VM operation: ParallelGCFailedAllocation (Allocation Failure)
Event: 71.778 Executing VM operation: ParallelGCFailedAllocation (Allocation Failure) done
Event: 71.824 Executing VM operation: ParallelGCFailedAllocation (Allocation Failure)
Event: 71.833 Executing VM operation: ParallelGCFailedAllocation (Allocation Failure) done
Event: 71.868 Executing VM operation: ParallelGCFailedAllocation (Allocation Failure)
Event: 71.876 Executing VM operation: ParallelGCFailedAllocation (Allocation Failure) done
Event: 71.923 Executing VM operation: ParallelGCFailedAllocation (Allocation Failure)
Event: 71.927 Executing VM operation: ParallelGCFailedAllocation (Allocation Failure) done
Event: 71.969 Executing VM operation: ParallelGCFailedAllocation (Allocation Failure)
Event: 71.975 Executing VM operation: ParallelGCFailedAllocation (Allocation Failure) done
Event: 72.024 Executing VM operation: ParallelGCFailedAllocation (Allocation Failure)
Event: 72.027 Executing VM operation: ParallelGCFailedAllocation (Allocation Failure) done
Event: 72.119 Executing VM operation: ParallelGCFailedAllocation (Allocation Failure)
Event: 72.123 Executing VM operation: ParallelGCFailedAllocation (Allocation Failure) done
Event: 73.129 Executing VM operation: Cleanup
Event: 73.915 Executing VM operation: Cleanup done
Event: 73.916 Executing VM operation: ParallelGCFailedAllocation (Allocation Failure)

Memory protections (0 events):
No events

Nmethod flushes (20 events):
Event: 64.504 Thread 0x000001e3026eea60 flushing  nmethod 0x000001e306af9b90
Event: 64.504 Thread 0x000001e3026eea60 flushing  nmethod 0x000001e306b16910
Event: 64.504 Thread 0x000001e3026eea60 flushing  nmethod 0x000001e306b37890
Event: 64.504 Thread 0x000001e3026eea60 flushing  nmethod 0x000001e306b38190
Event: 64.504 Thread 0x000001e3026eea60 flushing  nmethod 0x000001e306b4b790
Event: 64.504 Thread 0x000001e3026eea60 flushing  nmethod 0x000001e306b4fb90
Event: 64.504 Thread 0x000001e3026eea60 flushing  nmethod 0x000001e306b53010
Event: 64.504 Thread 0x000001e3026eea60 flushing  nmethod 0x000001e306b54590
Event: 64.504 Thread 0x000001e3026eea60 flushing  nmethod 0x000001e306b57290
Event: 64.504 Thread 0x000001e3026eea60 flushing  nmethod 0x000001e306b5df10
Event: 64.504 Thread 0x000001e3026eea60 flushing  nmethod 0x000001e306b5e310
Event: 64.504 Thread 0x000001e3026eea60 flushing  nmethod 0x000001e306b5ea10
Event: 64.504 Thread 0x000001e3026eea60 flushing  nmethod 0x000001e306b5f690
Event: 64.504 Thread 0x000001e3026eea60 flushing  nmethod 0x000001e306b60690
Event: 64.504 Thread 0x000001e3026eea60 flushing  nmethod 0x000001e306b61a10
Event: 64.504 Thread 0x000001e3026eea60 flushing  nmethod 0x000001e306b62790
Event: 64.504 Thread 0x000001e3026eea60 flushing  nmethod 0x000001e306b7b290
Event: 64.504 Thread 0x000001e3026eea60 flushing  nmethod 0x000001e306b84190
Event: 64.504 Thread 0x000001e3026eea60 flushing  nmethod 0x000001e306bb1a90
Event: 64.504 Thread 0x000001e3026eea60 flushing  nmethod 0x000001e306bcde10

Events (20 events):
Event: 58.623 Thread 0x000001e36135cba0 Thread added: 0x000001e372fcd2d0
Event: 58.623 Thread 0x000001e36135cba0 Thread added: 0x000001e372fd1b00
Event: 58.623 Thread 0x000001e36135cba0 Thread added: 0x000001e372fd1470
Event: 63.051 Thread 0x000001e362372180 Thread exited: 0x000001e362372180
Event: 65.239 Thread 0x000001e372fcd960 Thread exited: 0x000001e372fcd960
Event: 65.239 Thread 0x000001e372fd1470 Thread exited: 0x000001e372fd1470
Event: 65.239 Thread 0x000001e372fcfa30 Thread exited: 0x000001e372fcfa30
Event: 65.240 Thread 0x000001e372fcd2d0 Thread exited: 0x000001e372fcd2d0
Event: 65.241 Thread 0x000001e372fd1b00 Thread exited: 0x000001e372fd1b00
Event: 69.981 Thread 0x000001e36135cba0 Thread added: 0x000001e372fd1470
Event: 69.981 Thread 0x000001e36135cba0 Thread added: 0x000001e372fd1b00
Event: 69.981 Thread 0x000001e36135cba0 Thread added: 0x000001e372fce680
Event: 69.981 Thread 0x000001e36135cba0 Thread added: 0x000001e372fd2820
Event: 69.981 Thread 0x000001e36135cba0 Thread added: 0x000001e372fd3bd0
Event: 70.788 Thread 0x000001e372fd3bd0 Thread exited: 0x000001e372fd3bd0
Event: 70.788 Thread 0x000001e372fd1470 Thread exited: 0x000001e372fd1470
Event: 70.788 Thread 0x000001e372fd2820 Thread exited: 0x000001e372fd2820
Event: 70.791 Thread 0x000001e372fce680 Thread exited: 0x000001e372fce680
Event: 70.791 Thread 0x000001e372fd1b00 Thread exited: 0x000001e372fd1b00
Event: 73.915 Thread 0x000001e3600221e0 Thread added: 0x000001e363bf7ff0


Dynamic libraries:
0x00007ff6b5010000 - 0x00007ff6b501e000 	c:\Users\vieth\.vscode\extensions\redhat.java-1.50.0-win32-x64\jre\21.0.9-win32-x86_64\bin\java.exe
0x00007ff945b40000 - 0x00007ff945da7000 	C:\WINDOWS\SYSTEM32\ntdll.dll
0x00007ff944980000 - 0x00007ff944a49000 	C:\WINDOWS\System32\KERNEL32.DLL
0x00007ff943050000 - 0x00007ff94343f000 	C:\WINDOWS\System32\KERNELBASE.dll
0x00007ff942d40000 - 0x00007ff942e8b000 	C:\WINDOWS\System32\ucrtbase.dll
0x00007ff93dca0000 - 0x00007ff93dcb8000 	c:\Users\vieth\.vscode\extensions\redhat.java-1.50.0-win32-x64\jre\21.0.9-win32-x86_64\bin\jli.dll
0x00007ff945200000 - 0x00007ff9453c5000 	C:\WINDOWS\System32\USER32.dll
0x00007ff943730000 - 0x00007ff943757000 	C:\WINDOWS\System32\win32u.dll
0x00007ff93dbc0000 - 0x00007ff93dbde000 	c:\Users\vieth\.vscode\extensions\redhat.java-1.50.0-win32-x64\jre\21.0.9-win32-x86_64\bin\VCRUNTIME140.dll
0x00007ff9458f0000 - 0x00007ff94591b000 	C:\WINDOWS\System32\GDI32.dll
0x00007ff930cc0000 - 0x00007ff930f53000 	C:\WINDOWS\WinSxS\amd64_microsoft.windows.common-controls_6595b64144ccf1df_6.0.26100.7309_none_3e05feeae336a044\COMCTL32.dll
0x00007ff942e90000 - 0x00007ff942fbc000 	C:\WINDOWS\System32\gdi32full.dll
0x00007ff9435c0000 - 0x00007ff943663000 	C:\WINDOWS\System32\msvcp_win.dll
0x00007ff9453d0000 - 0x00007ff945479000 	C:\WINDOWS\System32\msvcrt.dll
0x00007ff944940000 - 0x00007ff944971000 	C:\WINDOWS\System32\IMM32.DLL
0x00007ff93dc90000 - 0x00007ff93dc9c000 	c:\Users\vieth\.vscode\extensions\redhat.java-1.50.0-win32-x64\jre\21.0.9-win32-x86_64\bin\vcruntime140_1.dll
0x00007ff925df0000 - 0x00007ff925e7d000 	c:\Users\vieth\.vscode\extensions\redhat.java-1.50.0-win32-x64\jre\21.0.9-win32-x86_64\bin\msvcp140.dll
0x00007ff8bc4b0000 - 0x00007ff8bd250000 	c:\Users\vieth\.vscode\extensions\redhat.java-1.50.0-win32-x64\jre\21.0.9-win32-x86_64\bin\server\jvm.dll
0x00007ff9438e0000 - 0x00007ff943994000 	C:\WINDOWS\System32\ADVAPI32.dll
0x00007ff943da0000 - 0x00007ff943e46000 	C:\WINDOWS\System32\sechost.dll
0x00007ff945480000 - 0x00007ff945598000 	C:\WINDOWS\System32\RPCRT4.dll
0x00007ff945a00000 - 0x00007ff945a74000 	C:\WINDOWS\System32\WS2_32.dll
0x00007ff93b060000 - 0x00007ff93b095000 	C:\WINDOWS\SYSTEM32\WINMM.dll
0x00007ff942af0000 - 0x00007ff942b4e000 	C:\WINDOWS\SYSTEM32\POWRPROF.dll
0x00007ff93b0a0000 - 0x00007ff93b0ab000 	C:\WINDOWS\SYSTEM32\VERSION.dll
0x00007ff942ad0000 - 0x00007ff942ae4000 	C:\WINDOWS\SYSTEM32\UMPDC.dll
0x00007ff941a40000 - 0x00007ff941a5b000 	C:\WINDOWS\SYSTEM32\kernel.appcore.dll
0x00007ff93dc60000 - 0x00007ff93dc6a000 	c:\Users\vieth\.vscode\extensions\redhat.java-1.50.0-win32-x64\jre\21.0.9-win32-x86_64\bin\jimage.dll
0x00007ff931510000 - 0x00007ff931752000 	C:\WINDOWS\SYSTEM32\DBGHELP.DLL
0x00007ff943e50000 - 0x00007ff9441d5000 	C:\WINDOWS\System32\combase.dll
0x00007ff945920000 - 0x00007ff9459f6000 	C:\WINDOWS\System32\OLEAUT32.dll
0x00007ff92aad0000 - 0x00007ff92ab0c000 	C:\WINDOWS\SYSTEM32\dbgcore.DLL
0x00007ff942c90000 - 0x00007ff942d35000 	C:\WINDOWS\System32\bcryptPrimitives.dll
0x00007ff93bf20000 - 0x00007ff93bf2f000 	c:\Users\vieth\.vscode\extensions\redhat.java-1.50.0-win32-x64\jre\21.0.9-win32-x86_64\bin\instrument.dll
0x00007ff93bf00000 - 0x00007ff93bf20000 	c:\Users\vieth\.vscode\extensions\redhat.java-1.50.0-win32-x64\jre\21.0.9-win32-x86_64\bin\java.dll
0x00007ff9441e0000 - 0x00007ff944933000 	C:\WINDOWS\System32\SHELL32.dll
0x00007ff943450000 - 0x00007ff9435ba000 	C:\WINDOWS\System32\wintypes.dll
0x00007ff940880000 - 0x00007ff9410de000 	C:\WINDOWS\SYSTEM32\windows.storage.dll
0x00007ff9455a0000 - 0x00007ff945695000 	C:\WINDOWS\System32\SHCORE.dll
0x00007ff9439a0000 - 0x00007ff943a06000 	C:\WINDOWS\System32\shlwapi.dll
0x00007ff942bb0000 - 0x00007ff942bd9000 	C:\WINDOWS\SYSTEM32\profapi.dll
0x00007ff93bd40000 - 0x00007ff93bd58000 	c:\Users\vieth\.vscode\extensions\redhat.java-1.50.0-win32-x64\jre\21.0.9-win32-x86_64\bin\zip.dll
0x00007ff93bd20000 - 0x00007ff93bd30000 	C:\Users\vieth\.vscode\extensions\redhat.java-1.50.0-win32-x64\jre\21.0.9-win32-x86_64\bin\net.dll
0x00007ff937e70000 - 0x00007ff937f98000 	C:\WINDOWS\SYSTEM32\WINHTTP.dll
0x00007ff941fb0000 - 0x00007ff94201b000 	C:\WINDOWS\system32\mswsock.dll
0x00007ff93bce0000 - 0x00007ff93bcf6000 	C:\Users\vieth\.vscode\extensions\redhat.java-1.50.0-win32-x64\jre\21.0.9-win32-x86_64\bin\nio.dll
0x00007ff93bc40000 - 0x00007ff93bc50000 	c:\Users\vieth\.vscode\extensions\redhat.java-1.50.0-win32-x64\jre\21.0.9-win32-x86_64\bin\verify.dll
0x00007ff928680000 - 0x00007ff9286c4000 	C:\Users\vieth\AppData\Roaming\Code\User\globalStorage\redhat.java\1.50.0\config_win\org.eclipse.equinox.launcher\org.eclipse.equinox.launcher.win32.win32.x86_64_1.2.1400.v20250801-0854\eclipse_11916.dll
0x00007ff943a10000 - 0x00007ff943ba7000 	C:\WINDOWS\System32\ole32.dll
0x00007ff942280000 - 0x00007ff94229b000 	C:\WINDOWS\SYSTEM32\CRYPTSP.dll
0x00007ff941980000 - 0x00007ff9419ba000 	C:\WINDOWS\system32\rsaenh.dll
0x00007ff942060000 - 0x00007ff94208b000 	C:\WINDOWS\SYSTEM32\USERENV.dll
0x00007ff942b80000 - 0x00007ff942baa000 	C:\WINDOWS\SYSTEM32\bcrypt.dll
0x00007ff942270000 - 0x00007ff94227c000 	C:\WINDOWS\SYSTEM32\CRYPTBASE.dll
0x00007ff941400000 - 0x00007ff941434000 	C:\WINDOWS\SYSTEM32\IPHLPAPI.DLL
0x00007ff944a50000 - 0x00007ff944a5a000 	C:\WINDOWS\System32\NSI.dll
0x00007ff9266d0000 - 0x00007ff926719000 	C:\Users\vieth\AppData\Local\Temp\jna-112204294\jna16481349222630783051.dll
0x00007ff945840000 - 0x00007ff945848000 	C:\WINDOWS\System32\PSAPI.DLL
0x00007ff937e40000 - 0x00007ff937e5e000 	C:\WINDOWS\SYSTEM32\dhcpcsvc6.DLL
0x00007ff937e10000 - 0x00007ff937e33000 	C:\WINDOWS\SYSTEM32\dhcpcsvc.DLL

JVMTI agents:
c:\Users\vieth\.vscode\extensions\redhat.java-1.50.0-win32-x64\lombok\lombok-1.18.39-4050.jar path:c:\Users\vieth\.vscode\extensions\redhat.java-1.50.0-win32-x64\jre\21.0.9-win32-x86_64\bin\instrument.dll, loaded, initialized, instrumentlib options:none

dbghelp: loaded successfully - version: 4.0.5 - missing functions: none
symbol engine: initialized successfully - sym options: 0x614 - pdb path: .;c:\Users\vieth\.vscode\extensions\redhat.java-1.50.0-win32-x64\jre\21.0.9-win32-x86_64\bin;C:\WINDOWS\SYSTEM32;C:\WINDOWS\WinSxS\amd64_microsoft.windows.common-controls_6595b64144ccf1df_6.0.26100.7309_none_3e05feeae336a044;c:\Users\vieth\.vscode\extensions\redhat.java-1.50.0-win32-x64\jre\21.0.9-win32-x86_64\bin\server;C:\Users\vieth\AppData\Roaming\Code\User\globalStorage\redhat.java\1.50.0\config_win\org.eclipse.equinox.launcher\org.eclipse.equinox.launcher.win32.win32.x86_64_1.2.1400.v20250801-0854;C:\Users\vieth\AppData\Local\Temp\jna-112204294

VM Arguments:
jvm_args: --add-modules=ALL-SYSTEM --add-opens=java.base/java.util=ALL-UNNAMED --add-opens=java.base/java.lang=ALL-UNNAMED --add-opens=java.base/sun.nio.fs=ALL-UNNAMED -Declipse.application=org.eclipse.jdt.ls.core.id1 -Dosgi.bundles.defaultStartLevel=4 -Declipse.product=org.eclipse.jdt.ls.core.product -Djava.import.generatesMetadataFilesAtProjectRoot=false -DDetectVMInstallationsJob.disabled=true -Dfile.encoding=utf8 -XX:+UseParallelGC -XX:GCTimeRatio=4 -XX:AdaptiveSizePolicyWeight=90 -Dsun.zip.disableMemoryMapping=true -Xmx2G -Xms100m -Xlog:disable -javaagent:c:\Users\vieth\.vscode\extensions\redhat.java-1.50.0-win32-x64\lombok\lombok-1.18.39-4050.jar -XX:+HeapDumpOnOutOfMemoryError -XX:HeapDumpPath=c:\Users\vieth\AppData\Roaming\Code\User\workspaceStorage\97e8b050a439987ed35ab0d5da838540\redhat.java -Daether.dependencyCollector.impl=bf 
java_command: c:\Users\vieth\.vscode\extensions\redhat.java-1.50.0-win32-x64\server\plugins\org.eclipse.equinox.launcher_1.7.100.v20251111-0406.jar -configuration c:\Users\vieth\AppData\Roaming\Code\User\globalStorage\redhat.java\1.50.0\config_win -data c:\Users\vieth\AppData\Roaming\Code\User\workspaceStorage\97e8b050a439987ed35ab0d5da838540\redhat.java\jdt_ws --pipe=\\.\pipe\lsp-4e825478e4141d96540d3b93ab6d224a-sock
java_class_path (initial): c:\Users\vieth\.vscode\extensions\redhat.java-1.50.0-win32-x64\server\plugins\org.eclipse.equinox.launcher_1.7.100.v20251111-0406.jar
Launcher Type: SUN_STANDARD

[Global flags]
    uintx AdaptiveSizePolicyWeight                 = 90                                        {product} {command line}
     intx CICompilerCount                          = 4                                         {product} {ergonomic}
    uintx GCTimeRatio                              = 4                                         {product} {command line}
     bool HeapDumpOnOutOfMemoryError               = true                                   {manageable} {command line}
    ccstr HeapDumpPath                             = c:\Users\vieth\AppData\Roaming\Code\User\workspaceStorage\97e8b050a439987ed35ab0d5da838540\redhat.java         {manageable} {command line}
   size_t InitialHeapSize                          = 104857600                                 {product} {command line}
   size_t MaxHeapSize                              = 2147483648                                {product} {command line}
   size_t MaxNewSize                               = 715653120                                 {product} {ergonomic}
   size_t MinHeapDeltaBytes                        = 524288                                    {product} {ergonomic}
   size_t MinHeapSize                              = 104857600                                 {product} {command line}
   size_t NewSize                                  = 34603008                                  {product} {ergonomic}
    uintx NonNMethodCodeHeapSize                   = 5839372                                {pd product} {ergonomic}
    uintx NonProfiledCodeHeapSize                  = 122909434                              {pd product} {ergonomic}
   size_t OldSize                                  = 70254592                                  {product} {ergonomic}
    uintx ProfiledCodeHeapSize                     = 122909434                              {pd product} {ergonomic}
    uintx ReservedCodeCacheSize                    = 251658240                              {pd product} {ergonomic}
     bool SegmentedCodeCache                       = true                                      {product} {ergonomic}
   size_t SoftMaxHeapSize                          = 2147483648                             {manageable} {ergonomic}
     bool UseCompressedOops                        = true                           {product lp64_product} {ergonomic}
     bool UseLargePagesIndividualAllocation        = false                                  {pd product} {ergonomic}
     bool UseParallelGC                            = true                                      {product} {command line}

Logging:
Log output configuration:
 #0: stdout all=off uptime,level,tags foldmultilines=false
 #1: stderr all=off uptime,level,tags foldmultilines=false

Release file:
JAVA_VERSION="21.0.9" 
MODULES="java.base java.compiler java.datatransfer java.xml java.prefs java.desktop java.instrument java.logging java.management java.security.sasl java.naming java.rmi java.management.rmi java.net.http java.scripting java.security.jgss java.transaction.xa java.sql java.sql.rowset java.xml.crypto java.se java.smartcardio jdk.accessibility jdk.internal.jvmstat jdk.attach jdk.charsets jdk.internal.opt jdk.zipfs jdk.compiler jdk.crypto.ec jdk.crypto.cryptoki jdk.crypto.mscapi jdk.dynalink jdk.internal.ed jdk.editpad jdk.hotspot.agent jdk.httpserver jdk.internal.le jdk.internal.vm.ci jdk.internal.vm.compiler jdk.internal.vm.compiler.management jdk.jartool jdk.javadoc jdk.jcmd jdk.management jdk.management.agent jdk.jconsole jdk.jdeps jdk.jdwp.agent jdk.jdi jdk.jfr jdk.jshell jdk.jsobject jdk.jstatd jdk.localedata jdk.management.jfr jdk.naming.dns jdk.naming.rmi jdk.net jdk.nio.mapmode jdk.random jdk.sctp jdk.security.auth jdk.security.jgss jdk.unsupported jdk.unsupported.desktop jdk.xml.dom" 

Environment Variables:
PATH=C:\Program Files\Common Files\Oracle\Java\javapath;C:\WINDOWS\system32;C:\WINDOWS;C:\WINDOWS\System32\Wbem;C:\WINDOWS\System32\WindowsPowerShell\v1.0\;C:\WINDOWS\System32\OpenSSH\;C:\Program Files\Cloudflare\Cloudflare WARP\;C:\Program Files\Docker\Docker\resources\bin;C:\Program Files\Git\cmd;C:\Program Files\nodejs\;C:\Users\vieth\scoop\shims;C:\Users\vieth\AppData\Local\Microsoft\WindowsApps;C:\Users\vieth\AppData\Local\Programs\Microsoft VS Code\bin;C:\Users\vieth\AppData\Roaming\npm;C:\Program Files\Java\apache-maven-3.9.11\bin;C:\Users\vieth\AppData\Local\Programs\Antigravity\bin
USERNAME=vieth
OS=Windows_NT
PROCESSOR_IDENTIFIER=AMD64 Family 23 Model 104 Stepping 1, AuthenticAMD
TMP=C:\Users\vieth\AppData\Local\Temp
TEMP=C:\Users\vieth\AppData\Local\Temp




Periodic native trim disabled

---------------  S Y S T E M  ---------------

OS:
 Windows 11 , 64 bit Build 26100 (10.0.26100.7309)
OS uptime: 5 days 21:20 hours
Hyper-V role detected

CPU: total 12 (initial active 12) (12 cores per cpu, 2 threads per core) family 23 model 104 stepping 1 microcode 0x8608103, cx8, cmov, fxsr, ht, mmx, 3dnowpref, sse, sse2, sse3, ssse3, sse4a, sse4.1, sse4.2, popcnt, lzcnt, tsc, tscinvbit, avx, avx2, aes, clmul, bmi1, bmi2, adx, sha, fma, vzeroupper, clflush, clflushopt, hv, rdtscp, rdpid, f16c
Processor Information for the first 12 processors :
  Max Mhz: 2100, Current Mhz: 1988, Mhz Limit: 2100

Memory: 4k page, system-wide physical 15706M (799M free)
TotalPageFile size 46114M (AvailPageFile size 463M)
current process WorkingSet (physical memory assigned to process): 1169M, peak: 1254M
current process commit charge ("private bytes"): 1191M, peak: 1217M

vm_info: OpenJDK 64-Bit Server VM (21.0.9+10-LTS) for windows-amd64 JRE (21.0.9+10-LTS), built on 2025-10-21T00:00:00Z by "admin" with unknown MS VC++:1942

END.
