#
# There is insufficient memory for the Java Runtime Environment to continue.
# Native memory allocation (malloc) failed to allocate 1048576 bytes. Error detail: AllocateHeap
# Possible reasons:
#   The system is out of physical RAM or swap space
#   This process is running with CompressedOops enabled, and the Java Heap may be blocking the growth of the native heap
# Possible solutions:
#   Reduce memory load on the system
#   Increase physical memory or swap space
#   Check if swap backing store is full
#   Decrease Java heap size (-Xmx/-Xms)
#   Decrease number of Java threads
#   Decrease Java thread stack sizes (-Xss)
#   Set larger code cache with -XX:ReservedCodeCacheSize=
#   JVM is running with Unscaled Compressed Oops mode in which the Java heap is
#     placed in the first 4GB address space. The Java Heap base address is the
#     maximum limit for the native heap growth. Please use -XX:HeapBaseMinAddress
#     to set the Java Heap base and to place the Java Heap above 4GB virtual address.
# This output file may be truncated or incomplete.
#
#  Out of Memory Error (allocation.cpp:44), pid=21416, tid=22856
#
# JRE version: OpenJDK Runtime Environment Temurin-21.0.9+10 (21.0.9+10) (build 21.0.9+10-LTS)
# Java VM: OpenJDK 64-Bit Server VM Temurin-21.0.9+10 (21.0.9+10-LTS, mixed mode, sharing, tiered, compressed oops, compressed class ptrs, parallel gc, windows-amd64)
# No core dump will be written. Minidumps are not enabled by default on client versions of Windows
#

---------------  S U M M A R Y ------------

Command Line: --add-modules=ALL-SYSTEM --add-opens=java.base/java.util=ALL-UNNAMED --add-opens=java.base/java.lang=ALL-UNNAMED --add-opens=java.base/sun.nio.fs=ALL-UNNAMED -Declipse.application=org.eclipse.jdt.ls.core.id1 -Dosgi.bundles.defaultStartLevel=4 -Declipse.product=org.eclipse.jdt.ls.core.product -Djava.import.generatesMetadataFilesAtProjectRoot=false -DDetectVMInstallationsJob.disabled=true -Dfile.encoding=utf8 -XX:+UseParallelGC -XX:GCTimeRatio=4 -XX:AdaptiveSizePolicyWeight=90 -Dsun.zip.disableMemoryMapping=true -Xmx2G -Xms100m -Xlog:disable -javaagent:c:\Users\vieth\.vscode\extensions\redhat.java-1.50.0-win32-x64\lombok\lombok-1.18.39-4050.jar -XX:+HeapDumpOnOutOfMemoryError -XX:HeapDumpPath=c:\Users\vieth\AppData\Roaming\Code\User\workspaceStorage\97e8b050a439987ed35ab0d5da838540\redhat.java -Daether.dependencyCollector.impl=bf c:\Users\vieth\.vscode\extensions\redhat.java-1.50.0-win32-x64\server\plugins\org.eclipse.equinox.launcher_1.7.100.v20251111-0406.jar -configuration c:\Users\vieth\AppData\Roaming\Code\User\globalStorage\redhat.java\1.50.0\config_win -data c:\Users\vieth\AppData\Roaming\Code\User\workspaceStorage\97e8b050a439987ed35ab0d5da838540\redhat.java\jdt_ws --pipe=\\.\pipe\lsp-6a7aed21ac5953c29e95af48f813d38d-sock

Host: AMD Ryzen 5 5500U with Radeon Graphics         , 12 cores, 15G,  Windows 11 , 64 bit Build 26100 (10.0.26100.7309)
Time: Tue Dec 23 11:40:30 2025 SE Asia Standard Time elapsed time: 9686.158449 seconds (0d 2h 41m 26s)

---------------  T H R E A D  ---------------

Current thread (0x000002134b005460):  JavaThread "Attach Listener" daemon [_thread_in_vm, id=22856, stack(0x000000cc00100000,0x000000cc00200000) (1024K)]

Stack: [0x000000cc00100000,0x000000cc00200000]
Native frames: (J=compiled Java code, j=interpreted, Vv=VM code, C=native code)
V  [jvm.dll+0x6d6e29]
V  [jvm.dll+0x8b4b76]
V  [jvm.dll+0x8b712e]
V  [jvm.dll+0x8b7813]
V  [jvm.dll+0x283d86]
V  [jvm.dll+0xc1277]
V  [jvm.dll+0x6d76d9]
V  [jvm.dll+0x133466]
V  [jvm.dll+0x3f7ea6]
V  [jvm.dll+0x85e9ad]
V  [jvm.dll+0x6d565d]
C  [ucrtbase.dll+0x37b0]
C  [KERNEL32.DLL+0x2e8d7]
C  [ntdll.dll+0x8c53c]


---------------  P R O C E S S  ---------------

Threads class SMR info:
_java_thread_list=0x000002134e7d1f90, length=54, elements={
0x000002136b1584b0, 0x000002136d53daf0, 0x000002134b0023a0, 0x000002134b0045b0,
0x000002134b005460, 0x000002134b008370, 0x000002134b008dc0, 0x000002134b00bc00,
0x000002134b07a770, 0x000002134b269990, 0x000002134b2ee370, 0x000002134b72b490,
0x000002134b34c190, 0x000002134bde7680, 0x000002134b601dd0, 0x000002134be9ef00,
0x000002134b47a7c0, 0x000002134b558dc0, 0x000002134b55bbb0, 0x000002134b55a800,
0x000002134f3c2840, 0x000002134f3c21b0, 0x000002134f3c4910, 0x000002134f3c6350,
0x000002134f3c2ed0, 0x000002134f3c69e0, 0x000002134f3c3560, 0x000002134f3c4fa0,
0x000002134f3c7070, 0x000002134f3c5630, 0x000002134f3c3bf0, 0x000002134f3c5cc0,
0x000002134f3c7700, 0x000002134f3c4280, 0x000002134f3c7d90, 0x000002134f3c8420,
0x000002134e325890, 0x000002134f553490, 0x000002134fc42fc0, 0x000002134e328680,
0x000002134e325f20, 0x000002134e326c40, 0x000002134e327960, 0x000002134e325200,
0x000002134e3293a0, 0x000002134e329a30, 0x000002134f7199c0, 0x000002134f71a6e0,
0x000002134f717f80, 0x000002134f718ca0, 0x000002134f718610, 0x000002134f71c120,
0x000002134f719330, 0x000002134f71d4d0
}

Java Threads: ( => current thread )
  0x000002136b1584b0 JavaThread "main"                              [_thread_blocked, id=19956, stack(0x000000cc7fa00000,0x000000cc7fb00000) (1024K)]
  0x000002136d53daf0 JavaThread "Reference Handler"          daemon [_thread_blocked, id=12568, stack(0x000000cc7fe00000,0x000000cc7ff00000) (1024K)]
  0x000002134b0023a0 JavaThread "Finalizer"                  daemon [_thread_blocked, id=30300, stack(0x000000cc7ff00000,0x000000cc80000000) (1024K)]
  0x000002134b0045b0 JavaThread "Signal Dispatcher"          daemon [_thread_blocked, id=21688, stack(0x000000cc00000000,0x000000cc00100000) (1024K)]
=>0x000002134b005460 JavaThread "Attach Listener"            daemon [_thread_in_vm, id=22856, stack(0x000000cc00100000,0x000000cc00200000) (1024K)]
  0x000002134b008370 JavaThread "Service Thread"             daemon [_thread_blocked, id=25152, stack(0x000000cc00200000,0x000000cc00300000) (1024K)]
  0x000002134b008dc0 JavaThread "Monitor Deflation Thread"   daemon [_thread_blocked, id=8300, stack(0x000000cc00300000,0x000000cc00400000) (1024K)]
  0x000002134b00bc00 JavaThread "C2 CompilerThread0"         daemon [_thread_blocked, id=29832, stack(0x000000cc00400000,0x000000cc00500000) (1024K)]
  0x000002134b07a770 JavaThread "C1 CompilerThread0"         daemon [_thread_blocked, id=20892, stack(0x000000cc00500000,0x000000cc00600000) (1024K)]
  0x000002134b269990 JavaThread "Common-Cleaner"             daemon [_thread_blocked, id=20596, stack(0x000000cc00700000,0x000000cc00800000) (1024K)]
  0x000002134b2ee370 JavaThread "Notification Thread"        daemon [_thread_blocked, id=13376, stack(0x000000cc00600000,0x000000cc00700000) (1024K)]
  0x000002134b72b490 JavaThread "Active Thread: Equinox Container: 16b62303-f02c-4972-acac-95bc0cd76dd0"        [_thread_blocked, id=19644, stack(0x000000cc01000000,0x000000cc01100000) (1024K)]
  0x000002134b34c190 JavaThread "Refresh Thread: Equinox Container: 16b62303-f02c-4972-acac-95bc0cd76dd0" daemon [_thread_blocked, id=29844, stack(0x000000cc00800000,0x000000cc00900000) (1024K)]
  0x000002134bde7680 JavaThread "Framework Event Dispatcher: Equinox Container: 16b62303-f02c-4972-acac-95bc0cd76dd0" daemon [_thread_blocked, id=32220, stack(0x000000cc01100000,0x000000cc01200000) (1024K)]
  0x000002134b601dd0 JavaThread "Start Level: Equinox Container: 16b62303-f02c-4972-acac-95bc0cd76dd0" daemon [_thread_blocked, id=18548, stack(0x000000cc01200000,0x000000cc01300000) (1024K)]
  0x000002134be9ef00 JavaThread "Bundle File Closer"         daemon [_thread_blocked, id=25316, stack(0x000000cc01300000,0x000000cc01400000) (1024K)]
  0x000002134b47a7c0 JavaThread "SCR Component Actor"        daemon [_thread_blocked, id=16080, stack(0x000000cc01600000,0x000000cc01700000) (1024K)]
  0x000002134b558dc0 JavaThread "Worker-JM"                         [_thread_blocked, id=19092, stack(0x000000cc01700000,0x000000cc01800000) (1024K)]
  0x000002134b55bbb0 JavaThread "JNA Cleaner"                daemon [_thread_blocked, id=8608, stack(0x000000cc01800000,0x000000cc01900000) (1024K)]
  0x000002134b55a800 JavaThread "Java indexing"              daemon [_thread_blocked, id=28872, stack(0x000000cc01d00000,0x000000cc01e00000) (1024K)]
  0x000002134f3c2840 JavaThread "Thread-1"                   daemon [_thread_in_native, id=19080, stack(0x000000cc02300000,0x000000cc02400000) (1024K)]
  0x000002134f3c21b0 JavaThread "Thread-2"                   daemon [_thread_in_native, id=7772, stack(0x000000cc02400000,0x000000cc02500000) (1024K)]
  0x000002134f3c4910 JavaThread "Thread-3"                   daemon [_thread_in_native, id=6440, stack(0x000000cc02500000,0x000000cc02600000) (1024K)]
  0x000002134f3c6350 JavaThread "Thread-4"                   daemon [_thread_in_native, id=2412, stack(0x000000cc02600000,0x000000cc02700000) (1024K)]
  0x000002134f3c2ed0 JavaThread "Thread-5"                   daemon [_thread_in_native, id=25136, stack(0x000000cc02700000,0x000000cc02800000) (1024K)]
  0x000002134f3c69e0 JavaThread "Thread-6"                   daemon [_thread_in_native, id=32524, stack(0x000000cc02800000,0x000000cc02900000) (1024K)]
  0x000002134f3c3560 JavaThread "Thread-7"                   daemon [_thread_in_native, id=18676, stack(0x000000cc02900000,0x000000cc02a00000) (1024K)]
  0x000002134f3c4fa0 JavaThread "Thread-8"                   daemon [_thread_in_native, id=30236, stack(0x000000cc02a00000,0x000000cc02b00000) (1024K)]
  0x000002134f3c7070 JavaThread "Thread-9"                   daemon [_thread_in_native, id=31712, stack(0x000000cc02b00000,0x000000cc02c00000) (1024K)]
  0x000002134f3c5630 JavaThread "Thread-10"                  daemon [_thread_in_native, id=22240, stack(0x000000cc02c00000,0x000000cc02d00000) (1024K)]
  0x000002134f3c3bf0 JavaThread "Thread-11"                  daemon [_thread_in_native, id=2012, stack(0x000000cc02d00000,0x000000cc02e00000) (1024K)]
  0x000002134f3c5cc0 JavaThread "Thread-12"                  daemon [_thread_in_native, id=21112, stack(0x000000cc02e00000,0x000000cc02f00000) (1024K)]
  0x000002134f3c7700 JavaThread "Thread-13"                  daemon [_thread_in_native, id=24528, stack(0x000000cc02f00000,0x000000cc03000000) (1024K)]
  0x000002134f3c4280 JavaThread "pool-2-thread-1"                   [_thread_blocked, id=26792, stack(0x000000cc03000000,0x000000cc03100000) (1024K)]
  0x000002134f3c7d90 JavaThread "WorkspaceEventsHandler"            [_thread_blocked, id=8732, stack(0x000000cc03100000,0x000000cc03200000) (1024K)]
  0x000002134f3c8420 JavaThread "pool-1-thread-1"                   [_thread_blocked, id=7944, stack(0x000000cc03200000,0x000000cc03300000) (1024K)]
  0x000002134e325890 JavaThread "Cleaner-0"                  daemon [_thread_blocked, id=25512, stack(0x000000cc01a00000,0x000000cc01b00000) (1024K)]
  0x000002134f553490 JavaThread "Worker-26"                         [_thread_blocked, id=2520, stack(0x000000cc03f00000,0x000000cc04000000) (1024K)]
  0x000002134fc42fc0 JavaThread "Worker-27"                         [_thread_blocked, id=29808, stack(0x000000cc03500000,0x000000cc03600000) (1024K)]
  0x000002134e328680 JavaThread "ForkJoinPool.commonPool-worker-67" daemon [_thread_blocked, id=31244, stack(0x000000cc01b00000,0x000000cc01c00000) (1024K)]
  0x000002134e325f20 JavaThread "ForkJoinPool.commonPool-worker-68" daemon [_thread_blocked, id=8288, stack(0x000000cc01c00000,0x000000cc01d00000) (1024K)]
  0x000002134e326c40 JavaThread "ForkJoinPool.commonPool-worker-69" daemon [_thread_blocked, id=1648, stack(0x000000cc01e00000,0x000000cc01f00000) (1024K)]
  0x000002134e327960 JavaThread "ForkJoinPool.commonPool-worker-70" daemon [_thread_blocked, id=29688, stack(0x000000cc01f00000,0x000000cc02000000) (1024K)]
  0x000002134e325200 JavaThread "ForkJoinPool.commonPool-worker-71" daemon [_thread_blocked, id=23100, stack(0x000000cc02000000,0x000000cc02100000) (1024K)]
  0x000002134e3293a0 JavaThread "ForkJoinPool.commonPool-worker-72" daemon [_thread_blocked, id=24792, stack(0x000000cc02100000,0x000000cc02200000) (1024K)]
  0x000002134e329a30 JavaThread "ForkJoinPool.commonPool-worker-73" daemon [_thread_blocked, id=18908, stack(0x000000cc02200000,0x000000cc02300000) (1024K)]
  0x000002134f7199c0 JavaThread "ForkJoinPool.commonPool-worker-75" daemon [_thread_blocked, id=7000, stack(0x000000cc03400000,0x000000cc03500000) (1024K)]
  0x000002134f71a6e0 JavaThread "ForkJoinPool.commonPool-worker-76" daemon [_thread_blocked, id=30120, stack(0x000000cc03600000,0x000000cc03700000) (1024K)]
  0x000002134f717f80 JavaThread "ForkJoinPool.commonPool-worker-77" daemon [_thread_blocked, id=31028, stack(0x000000cc01900000,0x000000cc01a00000) (1024K)]
  0x000002134f718ca0 JavaThread "ForkJoinPool.commonPool-worker-78" daemon [_thread_blocked, id=34388, stack(0x000000cc03300000,0x000000cc03400000) (1024K)]
  0x000002134f718610 JavaThread "Worker-29"                         [_thread_blocked, id=29068, stack(0x000000cc03700000,0x000000cc03800000) (1024K)]
  0x000002134f71c120 JavaThread "Compiler Source File Reader" daemon [_thread_blocked, id=21120, stack(0x000000cc03800000,0x000000cc03900000) (1024K)]
  0x000002134f719330 JavaThread "Compiler Processing Task"   daemon [_thread_blocked, id=27692, stack(0x000000cc03900000,0x000000cc03a00000) (1024K)]
  0x000002134f71d4d0 JavaThread "Compiler Source File Reader" daemon [_thread_blocked, id=21500, stack(0x000000cc03a00000,0x000000cc03b00000) (1024K)]
Total: 54

Other Threads:
  0x000002136d524530 VMThread "VM Thread"                           [id=28828, stack(0x000000cc7fd00000,0x000000cc7fe00000) (1024K)]
  0x000002136d41ca00 WatcherThread "VM Periodic Task Thread"        [id=19592, stack(0x000000cc7fc00000,0x000000cc7fd00000) (1024K)]
  0x000002136d5abe40 WorkerThread "GC Thread#0"                     [id=12140, stack(0x000000cc7fb00000,0x000000cc7fc00000) (1024K)]
  0x000002134bb44260 WorkerThread "GC Thread#1"                     [id=3512, stack(0x000000cc00a00000,0x000000cc00b00000) (1024K)]
  0x000002134b84a340 WorkerThread "GC Thread#2"                     [id=10012, stack(0x000000cc00b00000,0x000000cc00c00000) (1024K)]
  0x000002134b84a6e0 WorkerThread "GC Thread#3"                     [id=22848, stack(0x000000cc00c00000,0x000000cc00d00000) (1024K)]
  0x000002134ba018b0 WorkerThread "GC Thread#4"                     [id=27768, stack(0x000000cc00d00000,0x000000cc00e00000) (1024K)]
  0x000002134ba01c50 WorkerThread "GC Thread#5"                     [id=12324, stack(0x000000cc00e00000,0x000000cc00f00000) (1024K)]
  0x000002134ba01ff0 WorkerThread "GC Thread#6"                     [id=9564, stack(0x000000cc00f00000,0x000000cc01000000) (1024K)]
  0x000002134be43860 WorkerThread "GC Thread#7"                     [id=14764, stack(0x000000cc00900000,0x000000cc00a00000) (1024K)]
  0x000002134c0c2e30 WorkerThread "GC Thread#8"                     [id=5168, stack(0x000000cc01400000,0x000000cc01500000) (1024K)]
  0x000002134bb1ce10 WorkerThread "GC Thread#9"                     [id=17004, stack(0x000000cc01500000,0x000000cc01600000) (1024K)]
Total: 12

Threads with active compile tasks:
Total: 0

VM state: not at safepoint (normal execution)

VM Mutex/Monitor currently owned by a thread: None

Heap address: 0x0000000080000000, size: 2048 MB, Compressed Oops mode: 32-bit

CDS archive(s) mapped at: [0x0000021304000000-0x0000021304ba0000-0x0000021304ba0000), size 12189696, SharedBaseAddress: 0x0000021304000000, ArchiveRelocationMode: 1.
Compressed class space mapped at: 0x0000021305000000-0x0000021345000000, reserved size: 1073741824
Narrow klass base: 0x0000021304000000, Narrow klass shift: 0, Narrow klass range: 0x100000000

GC Precious Log:
 CardTable entry size: 512
 CPUs: 12 total, 12 available
 Memory: 15706M
 Large Page Support: Disabled
 NUMA Support: Disabled
 Compressed Oops: Enabled (32-bit)
 Alignments: Space 512K, Generation 512K, Heap 2M
 Heap Min Capacity: 100M
 Heap Initial Capacity: 100M
 Heap Max Capacity: 2G
 Pre-touch: Disabled
 Parallel Workers: 10

Heap:
 PSYoungGen      total 9216K, used 8003K [0x00000000d5580000, 0x00000000d6200000, 0x0000000100000000)
  eden space 5632K, 87% used [0x00000000d5580000,0x00000000d5a4fb18,0x00000000d5b00000)
  from space 3584K, 85% used [0x00000000d5b00000,0x00000000d5e01210,0x00000000d5e80000)
  to   space 3584K, 0% used [0x00000000d5e80000,0x00000000d5e80000,0x00000000d6200000)
 ParOldGen       total 1146368K, used 1146208K [0x0000000080000000, 0x00000000c5f80000, 0x00000000d5580000)
  object space 1146368K, 99% used [0x0000000080000000,0x00000000c5f58298,0x00000000c5f80000)
 Metaspace       used 101958K, committed 103616K, reserved 1179648K
  class space    used 9986K, committed 10752K, reserved 1048576K

Card table byte_map: [0x000002136cf30000,0x000002136d340000] _byte_map_base: 0x000002136cb30000

Marking Bits: (ParMarkBitMap*) 0x00007ff8bd172460
 Begin Bits: [0x0000021300000000, 0x0000021302000000)
 End Bits:   [0x0000021302000000, 0x0000021304000000)

Polling page: 0x000002136b3c0000

Metaspace:

Usage:
  Non-class:     89.82 MB used.
      Class:      9.75 MB used.
       Both:     99.57 MB used.

Virtual space:
  Non-class space:      128.00 MB reserved,      90.69 MB ( 71%) committed,  2 nodes.
      Class space:        1.00 GB reserved,      10.50 MB (  1%) committed,  1 nodes.
             Both:        1.12 GB reserved,     101.19 MB (  9%) committed. 

Chunk freelists:
   Non-Class:  4.42 MB
       Class:  5.48 MB
        Both:  9.89 MB

MaxMetaspaceSize: unlimited
CompressedClassSpaceSize: 1.00 GB
Initial GC threshold: 21.00 MB
Current GC threshold: 168.12 MB
CDS: on
 - commit_granule_bytes: 65536.
 - commit_granule_words: 8192.
 - virtual_space_node_default_size: 8388608.
 - enlarge_chunks_in_place: 1.
 - use_allocation_guard: 0.


Internal statistics:

num_allocs_failed_limit: 9.
num_arena_births: 2308.
num_arena_deaths: 708.
num_vsnodes_births: 3.
num_vsnodes_deaths: 0.
num_space_committed: 1619.
num_space_uncommitted: 0.
num_chunks_returned_to_freelist: 877.
num_chunks_taken_from_freelist: 7890.
num_chunk_merges: 243.
num_chunk_splits: 4317.
num_chunks_enlarged: 2229.
num_inconsistent_stats: 0.

CodeHeap 'non-profiled nmethods': size=120000Kb used=24502Kb max_used=25003Kb free=95497Kb
 bounds [0x0000021378260000, 0x0000021379b30000, 0x000002137f790000]
CodeHeap 'profiled nmethods': size=120000Kb used=31785Kb max_used=51370Kb free=88214Kb
 bounds [0x0000021370790000, 0x00000213739d0000, 0x0000021377cc0000]
CodeHeap 'non-nmethods': size=5760Kb used=1541Kb max_used=1620Kb free=4219Kb
 bounds [0x0000021377cc0000, 0x0000021377f30000, 0x0000021378260000]
CodeCache: size=245760Kb, used=57828Kb, max_used=77993Kb, free=187930Kb
 total_blobs=15327, nmethods=14464, adapters=763, full_count=0
Compilation: enabled, stopped_count=0, restarted_count=0

Compilation events (20 events):
Event: 9671.510 Thread 0x000002134b07a770 nmethod 37286 0x0000021371157590 code [0x0000021371157940, 0x0000021371158c88]
Event: 9671.510 Thread 0x000002134b07a770 37287       3       ch.qos.logback.classic.Logger::debug (15 bytes)
Event: 9671.511 Thread 0x000002134b07a770 nmethod 37287 0x000002137206d510 code [0x000002137206d6c0, 0x000002137206d830]
Event: 9671.511 Thread 0x000002134b07a770 37288       3       ch.qos.logback.core.util.OptionHelper::isNotEmtpy (13 bytes)
Event: 9671.513 Thread 0x000002134b07a770 nmethod 37288 0x0000021371847810 code [0x00000213718479c0, 0x0000021371847bd0]
Event: 9671.525 Thread 0x000002134b00bc00 nmethod 37284 0x00000213786b4a90 code [0x00000213786b4cc0, 0x00000213786b5548]
Event: 9671.581 Thread 0x000002134b00bc00 37289       4       org.eclipse.core.internal.content.ContentType::isKindOf (35 bytes)
Event: 9671.583 Thread 0x000002134b00bc00 nmethod 37289 0x000002137866ee90 code [0x000002137866f020, 0x000002137866f128]
Event: 9671.886 Thread 0x000002134b07a770 37290       1       org.eclipse.jdt.internal.core.index.FileIndexLocation::getIndexPath (5 bytes)
Event: 9671.886 Thread 0x000002134b07a770 nmethod 37290 0x000002137864c590 code [0x000002137864c720, 0x000002137864c7e8]
Event: 9671.887 Thread 0x000002134b07a770 37291       1       org.eclipse.jdt.core.search.SearchDocument::getParser (5 bytes)
Event: 9671.887 Thread 0x000002134b07a770 nmethod 37291 0x0000021378667390 code [0x0000021378667520, 0x00000213786675e8]
Event: 9671.887 Thread 0x000002134b07a770 37292       3       org.eclipse.jdt.internal.core.search.indexing.SourceIndexerRequestor::acceptLineSeparatorPositions (1 bytes)
Event: 9671.887 Thread 0x000002134b07a770 nmethod 37292 0x0000021370e1b810 code [0x0000021370e1b9a0, 0x0000021370e1baa8]
Event: 9672.046 Thread 0x000002134b07a770 37293       3       org.eclipse.jdt.internal.compiler.flow.FlowContext::<init> (83 bytes)
Event: 9672.047 Thread 0x000002134b07a770 nmethod 37293 0x00000213715ada10 code [0x00000213715adbc0, 0x00000213715adf10]
Event: 9672.047 Thread 0x000002134b00bc00 37294       4       org.eclipse.jdt.internal.compiler.ClassFile::getTypeBinding (645 bytes)
Event: 9672.054 Thread 0x000002134b07a770 37295       3       sun.util.calendar.BaseCalendar::getCalendarDateFromFixedDate (305 bytes)
Event: 9672.060 Thread 0x000002134b07a770 nmethod 37295 0x00000213712bb510 code [0x00000213712bb7c0, 0x00000213712bcd38]
Event: 9672.067 Thread 0x000002134b00bc00 nmethod 37294 0x00000213796d2c90 code [0x00000213796d2f40, 0x00000213796d39d8]

GC Heap History (20 events):
Event: 9671.620 GC heap before
{Heap before GC invocations=5004 (full 17):
 PSYoungGen      total 3072K, used 2303K [0x00000000d5580000, 0x00000000d5980000, 0x0000000100000000)
  eden space 2048K, 99% used [0x00000000d5580000,0x00000000d577ff88,0x00000000d5780000)
  from space 1024K, 25% used [0x00000000d5780000,0x00000000d57c0000,0x00000000d5880000)
  to   space 512K, 0% used [0x00000000d5900000,0x00000000d5900000,0x00000000d5980000)
 ParOldGen       total 1130496K, used 1129363K [0x0000000080000000, 0x00000000c5000000, 0x00000000d5580000)
  object space 1130496K, 99% used [0x0000000080000000,0x00000000c4ee4ce0,0x00000000c5000000)
 Metaspace       used 101958K, committed 103616K, reserved 1179648K
  class space    used 9986K, committed 10752K, reserved 1048576K
}
Event: 9671.626 GC heap after
{Heap after GC invocations=5004 (full 17):
 PSYoungGen      total 1536K, used 512K [0x00000000d5580000, 0x00000000d5d00000, 0x0000000100000000)
  eden space 1024K, 0% used [0x00000000d5580000,0x00000000d5580000,0x00000000d5680000)
  from space 512K, 100% used [0x00000000d5900000,0x00000000d5980000,0x00000000d5980000)
  to   space 2560K, 0% used [0x00000000d5680000,0x00000000d5680000,0x00000000d5900000)
 ParOldGen       total 1131520K, used 1130932K [0x0000000080000000, 0x00000000c5100000, 0x00000000d5580000)
  object space 1131520K, 99% used [0x0000000080000000,0x00000000c506d310,0x00000000c5100000)
 Metaspace       used 101958K, committed 103616K, reserved 1179648K
  class space    used 9986K, committed 10752K, reserved 1048576K
}
Event: 9671.631 GC heap before
{Heap before GC invocations=5005 (full 17):
 PSYoungGen      total 1536K, used 1535K [0x00000000d5580000, 0x00000000d5d00000, 0x0000000100000000)
  eden space 1024K, 99% used [0x00000000d5580000,0x00000000d567ff88,0x00000000d5680000)
  from space 512K, 100% used [0x00000000d5900000,0x00000000d5980000,0x00000000d5980000)
  to   space 2560K, 0% used [0x00000000d5680000,0x00000000d5680000,0x00000000d5900000)
 ParOldGen       total 1131520K, used 1130932K [0x0000000080000000, 0x00000000c5100000, 0x00000000d5580000)
  object space 1131520K, 99% used [0x0000000080000000,0x00000000c506d310,0x00000000c5100000)
 Metaspace       used 101958K, committed 103616K, reserved 1179648K
  class space    used 9986K, committed 10752K, reserved 1048576K
}
Event: 9671.635 GC heap after
{Heap after GC invocations=5005 (full 17):
 PSYoungGen      total 2560K, used 1184K [0x00000000d5580000, 0x00000000d5a00000, 0x0000000100000000)
  eden space 1024K, 0% used [0x00000000d5580000,0x00000000d5580000,0x00000000d5680000)
  from space 1536K, 77% used [0x00000000d5680000,0x00000000d57a8000,0x00000000d5800000)
  to   space 1536K, 0% used [0x00000000d5880000,0x00000000d5880000,0x00000000d5a00000)
 ParOldGen       total 1131520K, used 1131452K [0x0000000080000000, 0x00000000c5100000, 0x00000000d5580000)
  object space 1131520K, 99% used [0x0000000080000000,0x00000000c50ef310,0x00000000c5100000)
 Metaspace       used 101958K, committed 103616K, reserved 1179648K
  class space    used 9986K, committed 10752K, reserved 1048576K
}
Event: 9671.640 GC heap before
{Heap before GC invocations=5006 (full 17):
 PSYoungGen      total 2560K, used 2208K [0x00000000d5580000, 0x00000000d5a00000, 0x0000000100000000)
  eden space 1024K, 100% used [0x00000000d5580000,0x00000000d5680000,0x00000000d5680000)
  from space 1536K, 77% used [0x00000000d5680000,0x00000000d57a8000,0x00000000d5800000)
  to   space 1536K, 0% used [0x00000000d5880000,0x00000000d5880000,0x00000000d5a00000)
 ParOldGen       total 1131520K, used 1131452K [0x0000000080000000, 0x00000000c5100000, 0x00000000d5580000)
  object space 1131520K, 99% used [0x0000000080000000,0x00000000c50ef310,0x00000000c5100000)
 Metaspace       used 101958K, committed 103616K, reserved 1179648K
  class space    used 9986K, committed 10752K, reserved 1048576K
}
Event: 9671.645 GC heap after
{Heap after GC invocations=5006 (full 17):
 PSYoungGen      total 3072K, used 1184K [0x00000000d5580000, 0x00000000d5a00000, 0x0000000100000000)
  eden space 1536K, 0% used [0x00000000d5580000,0x00000000d5580000,0x00000000d5700000)
  from space 1536K, 77% used [0x00000000d5880000,0x00000000d59a8000,0x00000000d5a00000)
  to   space 1536K, 0% used [0x00000000d5700000,0x00000000d5700000,0x00000000d5880000)
 ParOldGen       total 1132544K, used 1132476K [0x0000000080000000, 0x00000000c5200000, 0x00000000d5580000)
  object space 1132544K, 99% used [0x0000000080000000,0x00000000c51ef310,0x00000000c5200000)
 Metaspace       used 101958K, committed 103616K, reserved 1179648K
  class space    used 9986K, committed 10752K, reserved 1048576K
}
Event: 9671.651 GC heap before
{Heap before GC invocations=5007 (full 17):
 PSYoungGen      total 3072K, used 2720K [0x00000000d5580000, 0x00000000d5a00000, 0x0000000100000000)
  eden space 1536K, 100% used [0x00000000d5580000,0x00000000d5700000,0x00000000d5700000)
  from space 1536K, 77% used [0x00000000d5880000,0x00000000d59a8000,0x00000000d5a00000)
  to   space 1536K, 0% used [0x00000000d5700000,0x00000000d5700000,0x00000000d5880000)
 ParOldGen       total 1132544K, used 1132476K [0x0000000080000000, 0x00000000c5200000, 0x00000000d5580000)
  object space 1132544K, 99% used [0x0000000080000000,0x00000000c51ef310,0x00000000c5200000)
 Metaspace       used 101958K, committed 103616K, reserved 1179648K
  class space    used 9986K, committed 10752K, reserved 1048576K
}
Event: 9671.657 GC heap after
{Heap after GC invocations=5007 (full 17):
 PSYoungGen      total 3072K, used 1515K [0x00000000d5580000, 0x00000000d5d80000, 0x0000000100000000)
  eden space 1536K, 0% used [0x00000000d5580000,0x00000000d5580000,0x00000000d5700000)
  from space 1536K, 98% used [0x00000000d5700000,0x00000000d587af88,0x00000000d5880000)
  to   space 3072K, 0% used [0x00000000d5a80000,0x00000000d5a80000,0x00000000d5d80000)
 ParOldGen       total 1133568K, used 1133556K [0x0000000080000000, 0x00000000c5300000, 0x00000000d5580000)
  object space 1133568K, 99% used [0x0000000080000000,0x00000000c52fd310,0x00000000c5300000)
 Metaspace       used 101958K, committed 103616K, reserved 1179648K
  class space    used 9986K, committed 10752K, reserved 1048576K
}
Event: 9671.665 GC heap before
{Heap before GC invocations=5008 (full 17):
 PSYoungGen      total 3072K, used 3051K [0x00000000d5580000, 0x00000000d5d80000, 0x0000000100000000)
  eden space 1536K, 100% used [0x00000000d5580000,0x00000000d5700000,0x00000000d5700000)
  from space 1536K, 98% used [0x00000000d5700000,0x00000000d587af88,0x00000000d5880000)
  to   space 3072K, 0% used [0x00000000d5a80000,0x00000000d5a80000,0x00000000d5d80000)
 ParOldGen       total 1133568K, used 1133556K [0x0000000080000000, 0x00000000c5300000, 0x00000000d5580000)
  object space 1133568K, 99% used [0x0000000080000000,0x00000000c52fd310,0x00000000c5300000)
 Metaspace       used 101958K, committed 103616K, reserved 1179648K
  class space    used 9986K, committed 10752K, reserved 1048576K
}
Event: 9671.670 GC heap after
{Heap after GC invocations=5008 (full 17):
 PSYoungGen      total 4096K, used 1696K [0x00000000d5580000, 0x00000000d5c80000, 0x0000000100000000)
  eden space 2048K, 0% used [0x00000000d5580000,0x00000000d5580000,0x00000000d5780000)
  from space 2048K, 82% used [0x00000000d5a80000,0x00000000d5c28000,0x00000000d5c80000)
  to   space 2048K, 0% used [0x00000000d5880000,0x00000000d5880000,0x00000000d5a80000)
 ParOldGen       total 1135104K, used 1135064K [0x0000000080000000, 0x00000000c5480000, 0x00000000d5580000)
  object space 1135104K, 99% used [0x0000000080000000,0x00000000c5476298,0x00000000c5480000)
 Metaspace       used 101958K, committed 103616K, reserved 1179648K
  class space    used 9986K, committed 10752K, reserved 1048576K
}
Event: 9671.680 GC heap before
{Heap before GC invocations=5009 (full 17):
 PSYoungGen      total 4096K, used 3744K [0x00000000d5580000, 0x00000000d5c80000, 0x0000000100000000)
  eden space 2048K, 100% used [0x00000000d5580000,0x00000000d5780000,0x00000000d5780000)
  from space 2048K, 82% used [0x00000000d5a80000,0x00000000d5c28000,0x00000000d5c80000)
  to   space 2048K, 0% used [0x00000000d5880000,0x00000000d5880000,0x00000000d5a80000)
 ParOldGen       total 1135104K, used 1135064K [0x0000000080000000, 0x00000000c5480000, 0x00000000d5580000)
  object space 1135104K, 99% used [0x0000000080000000,0x00000000c5476298,0x00000000c5480000)
 Metaspace       used 101958K, committed 103616K, reserved 1179648K
  class space    used 9986K, committed 10752K, reserved 1048576K
}
Event: 9671.685 GC heap after
{Heap after GC invocations=5009 (full 17):
 PSYoungGen      total 4608K, used 2048K [0x00000000d5580000, 0x00000000d6000000, 0x0000000100000000)
  eden space 2560K, 0% used [0x00000000d5580000,0x00000000d5580000,0x00000000d5800000)
  from space 2048K, 100% used [0x00000000d5880000,0x00000000d5a80000,0x00000000d5a80000)
  to   space 4096K, 0% used [0x00000000d5c00000,0x00000000d5c00000,0x00000000d6000000)
 ParOldGen       total 1137152K, used 1136656K [0x0000000080000000, 0x00000000c5680000, 0x00000000d5580000)
  object space 1137152K, 99% used [0x0000000080000000,0x00000000c5604298,0x00000000c5680000)
 Metaspace       used 101958K, committed 103616K, reserved 1179648K
  class space    used 9986K, committed 10752K, reserved 1048576K
}
Event: 9671.698 GC heap before
{Heap before GC invocations=5010 (full 17):
 PSYoungGen      total 4608K, used 4608K [0x00000000d5580000, 0x00000000d6000000, 0x0000000100000000)
  eden space 2560K, 100% used [0x00000000d5580000,0x00000000d5800000,0x00000000d5800000)
  from space 2048K, 100% used [0x00000000d5880000,0x00000000d5a80000,0x00000000d5a80000)
  to   space 4096K, 0% used [0x00000000d5c00000,0x00000000d5c00000,0x00000000d6000000)
 ParOldGen       total 1137152K, used 1136656K [0x0000000080000000, 0x00000000c5680000, 0x00000000d5580000)
  object space 1137152K, 99% used [0x0000000080000000,0x00000000c5604298,0x00000000c5680000)
 Metaspace       used 101958K, committed 103616K, reserved 1179648K
  class space    used 9986K, committed 10752K, reserved 1048576K
}
Event: 9671.706 GC heap after
{Heap after GC invocations=5010 (full 17):
 PSYoungGen      total 6144K, used 2720K [0x00000000d5580000, 0x00000000d5f00000, 0x0000000100000000)
  eden space 3072K, 0% used [0x00000000d5580000,0x00000000d5580000,0x00000000d5880000)
  from space 3072K, 88% used [0x00000000d5c00000,0x00000000d5ea8000,0x00000000d5f00000)
  to   space 3072K, 0% used [0x00000000d5900000,0x00000000d5900000,0x00000000d5c00000)
 ParOldGen       total 1139200K, used 1138688K [0x0000000080000000, 0x00000000c5880000, 0x00000000d5580000)
  object space 1139200K, 99% used [0x0000000080000000,0x00000000c5800298,0x00000000c5880000)
 Metaspace       used 101958K, committed 103616K, reserved 1179648K
  class space    used 9986K, committed 10752K, reserved 1048576K
}
Event: 9671.718 GC heap before
{Heap before GC invocations=5011 (full 17):
 PSYoungGen      total 6144K, used 5792K [0x00000000d5580000, 0x00000000d5f00000, 0x0000000100000000)
  eden space 3072K, 100% used [0x00000000d5580000,0x00000000d5880000,0x00000000d5880000)
  from space 3072K, 88% used [0x00000000d5c00000,0x00000000d5ea8000,0x00000000d5f00000)
  to   space 3072K, 0% used [0x00000000d5900000,0x00000000d5900000,0x00000000d5c00000)
 ParOldGen       total 1139200K, used 1138688K [0x0000000080000000, 0x00000000c5880000, 0x00000000d5580000)
  object space 1139200K, 99% used [0x0000000080000000,0x00000000c5800298,0x00000000c5880000)
 Metaspace       used 101958K, committed 103616K, reserved 1179648K
  class space    used 9986K, committed 10752K, reserved 1048576K
}
Event: 9671.726 GC heap after
{Heap after GC invocations=5011 (full 17):
 PSYoungGen      total 6656K, used 3072K [0x00000000d5580000, 0x00000000d6680000, 0x0000000100000000)
  eden space 3584K, 0% used [0x00000000d5580000,0x00000000d5580000,0x00000000d5900000)
  from space 3072K, 100% used [0x00000000d5900000,0x00000000d5c00000,0x00000000d5c00000)
  to   space 6656K, 0% used [0x00000000d6000000,0x00000000d6000000,0x00000000d6680000)
 ParOldGen       total 1141760K, used 1141336K [0x0000000080000000, 0x00000000c5b00000, 0x00000000d5580000)
  object space 1141760K, 99% used [0x0000000080000000,0x00000000c5a96298,0x00000000c5b00000)
 Metaspace       used 101958K, committed 103616K, reserved 1179648K
  class space    used 9986K, committed 10752K, reserved 1048576K
}
Event: 9671.762 GC heap before
{Heap before GC invocations=5012 (full 17):
 PSYoungGen      total 6656K, used 6656K [0x00000000d5580000, 0x00000000d6680000, 0x0000000100000000)
  eden space 3584K, 100% used [0x00000000d5580000,0x00000000d5900000,0x00000000d5900000)
  from space 3072K, 100% used [0x00000000d5900000,0x00000000d5c00000,0x00000000d5c00000)
  to   space 6656K, 0% used [0x00000000d6000000,0x00000000d6000000,0x00000000d6680000)
 ParOldGen       total 1141760K, used 1141336K [0x0000000080000000, 0x00000000c5b00000, 0x00000000d5580000)
  object space 1141760K, 99% used [0x0000000080000000,0x00000000c5a96298,0x00000000c5b00000)
 Metaspace       used 101958K, committed 103616K, reserved 1179648K
  class space    used 9986K, committed 10752K, reserved 1048576K
}
Event: 9671.771 GC heap after
{Heap after GC invocations=5012 (full 17):
 PSYoungGen      total 7680K, used 2848K [0x00000000d5580000, 0x00000000d6300000, 0x0000000100000000)
  eden space 4608K, 0% used [0x00000000d5580000,0x00000000d5580000,0x00000000d5a00000)
  from space 3072K, 92% used [0x00000000d6000000,0x00000000d62c8000,0x00000000d6300000)
  to   space 4096K, 0% used [0x00000000d5b00000,0x00000000d5b00000,0x00000000d5f00000)
 ParOldGen       total 1144832K, used 1144392K [0x0000000080000000, 0x00000000c5e00000, 0x00000000d5580000)
  object space 1144832K, 99% used [0x0000000080000000,0x00000000c5d92298,0x00000000c5e00000)
 Metaspace       used 101958K, committed 103616K, reserved 1179648K
  class space    used 9986K, committed 10752K, reserved 1048576K
}
Event: 9672.018 GC heap before
{Heap before GC invocations=5013 (full 17):
 PSYoungGen      total 7680K, used 7456K [0x00000000d5580000, 0x00000000d6300000, 0x0000000100000000)
  eden space 4608K, 100% used [0x00000000d5580000,0x00000000d5a00000,0x00000000d5a00000)
  from space 3072K, 92% used [0x00000000d6000000,0x00000000d62c8000,0x00000000d6300000)
  to   space 4096K, 0% used [0x00000000d5b00000,0x00000000d5b00000,0x00000000d5f00000)
 ParOldGen       total 1144832K, used 1144392K [0x0000000080000000, 0x00000000c5e00000, 0x00000000d5580000)
  object space 1144832K, 99% used [0x0000000080000000,0x00000000c5d92298,0x00000000c5e00000)
 Metaspace       used 101958K, committed 103616K, reserved 1179648K
  class space    used 9986K, committed 10752K, reserved 1048576K
}
Event: 9672.027 GC heap after
{Heap after GC invocations=5013 (full 17):
 PSYoungGen      total 9216K, used 3076K [0x00000000d5580000, 0x00000000d6200000, 0x0000000100000000)
  eden space 5632K, 0% used [0x00000000d5580000,0x00000000d5580000,0x00000000d5b00000)
  from space 3584K, 85% used [0x00000000d5b00000,0x00000000d5e01210,0x00000000d5e80000)
  to   space 3584K, 0% used [0x00000000d5e80000,0x00000000d5e80000,0x00000000d6200000)
 ParOldGen       total 1146368K, used 1146208K [0x0000000080000000, 0x00000000c5f80000, 0x00000000d5580000)
  object space 1146368K, 99% used [0x0000000080000000,0x00000000c5f58298,0x00000000c5f80000)
 Metaspace       used 101958K, committed 103616K, reserved 1179648K
  class space    used 9986K, committed 10752K, reserved 1048576K
}

Dll operation events (12 events):
Event: 0.027 Loaded shared library c:\Users\vieth\.vscode\extensions\redhat.java-1.50.0-win32-x64\jre\21.0.9-win32-x86_64\bin\java.dll
Event: 0.206 Loaded shared library c:\Users\vieth\.vscode\extensions\redhat.java-1.50.0-win32-x64\jre\21.0.9-win32-x86_64\bin\zip.dll
Event: 0.249 Loaded shared library C:\Users\vieth\.vscode\extensions\redhat.java-1.50.0-win32-x64\jre\21.0.9-win32-x86_64\bin\instrument.dll
Event: 0.256 Loaded shared library C:\Users\vieth\.vscode\extensions\redhat.java-1.50.0-win32-x64\jre\21.0.9-win32-x86_64\bin\net.dll
Event: 0.260 Loaded shared library C:\Users\vieth\.vscode\extensions\redhat.java-1.50.0-win32-x64\jre\21.0.9-win32-x86_64\bin\nio.dll
Event: 0.266 Loaded shared library C:\Users\vieth\.vscode\extensions\redhat.java-1.50.0-win32-x64\jre\21.0.9-win32-x86_64\bin\zip.dll
Event: 0.299 Loaded shared library C:\Users\vieth\.vscode\extensions\redhat.java-1.50.0-win32-x64\jre\21.0.9-win32-x86_64\bin\jimage.dll
Event: 0.473 Loaded shared library c:\Users\vieth\.vscode\extensions\redhat.java-1.50.0-win32-x64\jre\21.0.9-win32-x86_64\bin\verify.dll
Event: 14.352 Loaded shared library C:\Users\vieth\AppData\Roaming\Code\User\globalStorage\redhat.java\1.50.0\config_win\org.eclipse.equinox.launcher\org.eclipse.equinox.launcher.win32.win32.x86_64_1.2.1400.v20250801-0854\eclipse_11916.dll
Event: 40.357 Loaded shared library C:\Users\vieth\AppData\Local\Temp\jna-112204294\jna12614541323261462974.dll
Event: 45.449 Loaded shared library C:\Users\vieth\.vscode\extensions\redhat.java-1.50.0-win32-x64\jre\21.0.9-win32-x86_64\bin\sunmscapi.dll
Event: 46.542 Loaded shared library C:\Users\vieth\.vscode\extensions\redhat.java-1.50.0-win32-x64\jre\21.0.9-win32-x86_64\bin\extnet.dll

Deoptimization events (20 events):
Event: 9659.045 Thread 0x000002134e325200 DEOPT PACKING pc=0x0000021370e1217b sp=0x000000cc020fe560
Event: 9659.045 Thread 0x000002134e325200 DEOPT UNPACKING pc=0x0000021377d14242 sp=0x000000cc020fdad0 mode 0
Event: 9662.161 Thread 0x000002134e325200 DEOPT PACKING pc=0x00000213738fd4a0 sp=0x000000cc020fe730
Event: 9662.161 Thread 0x000002134e325200 DEOPT UNPACKING pc=0x0000021377d14242 sp=0x000000cc020fdc98 mode 0
Event: 9669.842 Thread 0x000002134e325f20 Uncommon trap: trap_request=0xffffffc6 fr.pc=0x0000021378636278 relative=0x0000000000002398
Event: 9669.843 Thread 0x000002134e325f20 Uncommon trap: reason=bimorphic_or_optimized_type_check action=maybe_recompile pc=0x0000021378636278 method=com.google.gson.internal.bind.MapTypeAdapterFactory$Adapter.write(Lcom/google/gson/stream/JsonWriter;Ljava/util/Map;)V @ 26 c2
Event: 9669.843 Thread 0x000002134e325f20 DEOPT PACKING pc=0x0000021378636278 sp=0x000000cc01cfe7f0
Event: 9669.843 Thread 0x000002134e325f20 DEOPT UNPACKING pc=0x0000021377d13aa2 sp=0x000000cc01cfe7b8 mode 2
Event: 9670.127 Thread 0x000002134f7199c0 Uncommon trap: trap_request=0xffffffc6 fr.pc=0x0000021379367bc8 relative=0x0000000000001488
Event: 9670.127 Thread 0x000002134f7199c0 Uncommon trap: reason=bimorphic_or_optimized_type_check action=maybe_recompile pc=0x0000021379367bc8 method=org.eclipse.jdt.internal.compiler.ast.Expression.buildStringForConcatenation(Lorg/eclipse/jdt/internal/compiler/lookup/BlockScope;Lorg/eclipse/jdt/
Event: 9670.127 Thread 0x000002134f7199c0 DEOPT PACKING pc=0x0000021379367bc8 sp=0x000000cc034fddf0
Event: 9670.127 Thread 0x000002134f7199c0 DEOPT UNPACKING pc=0x0000021377d13aa2 sp=0x000000cc034fddc0 mode 2
Event: 9670.128 Thread 0x000002134f7199c0 Uncommon trap: trap_request=0xffffffde fr.pc=0x0000021378693380 relative=0x00000000000008e0
Event: 9670.128 Thread 0x000002134f7199c0 Uncommon trap: reason=class_check action=maybe_recompile pc=0x0000021378693380 method=org.eclipse.jdt.internal.compiler.ClassFile.getTypeBinding([CLorg/eclipse/jdt/internal/compiler/lookup/Scope;Z)Lorg/eclipse/jdt/internal/compiler/lookup/TypeBinding; @ 3
Event: 9670.128 Thread 0x000002134f7199c0 DEOPT PACKING pc=0x0000021378693380 sp=0x000000cc034fdb40
Event: 9670.128 Thread 0x000002134f7199c0 DEOPT UNPACKING pc=0x0000021377d13aa2 sp=0x000000cc034fdad8 mode 2
Event: 9670.392 Thread 0x000002134f718610 Uncommon trap: trap_request=0xffffff45 fr.pc=0x00000213797fff34 relative=0x0000000000002a14
Event: 9670.392 Thread 0x000002134f718610 Uncommon trap: reason=unstable_if action=reinterpret pc=0x00000213797fff34 method=org.eclipse.jdt.internal.compiler.parser.TypeConverter.decodeType(Ljava/lang/String;III)Lorg/eclipse/jdt/internal/compiler/ast/TypeReference; @ 762 c2
Event: 9670.392 Thread 0x000002134f718610 DEOPT PACKING pc=0x00000213797fff34 sp=0x000000cc037fdc20
Event: 9670.392 Thread 0x000002134f718610 DEOPT UNPACKING pc=0x0000021377d13aa2 sp=0x000000cc037fdba8 mode 2

Classes loaded (20 events):
Event: 8236.268 Loading class jdk/internal/module/IllegalAccessLogger
Event: 8236.269 Loading class jdk/internal/module/IllegalAccessLogger done
Event: 8241.616 Loading class jdk/internal/module/IllegalAccessLogger
Event: 8241.616 Loading class jdk/internal/module/IllegalAccessLogger done
Event: 8249.048 Loading class jdk/internal/module/IllegalAccessLogger
Event: 8249.048 Loading class jdk/internal/module/IllegalAccessLogger done
Event: 8261.270 Loading class jdk/internal/module/IllegalAccessLogger
Event: 8261.270 Loading class jdk/internal/module/IllegalAccessLogger done
Event: 8266.732 Loading class jdk/internal/module/IllegalAccessLogger
Event: 8266.732 Loading class jdk/internal/module/IllegalAccessLogger done
Event: 8290.897 Loading class jdk/internal/module/IllegalAccessLogger
Event: 8290.897 Loading class jdk/internal/module/IllegalAccessLogger done
Event: 8531.195 Loading class jdk/internal/module/IllegalAccessLogger
Event: 8531.195 Loading class jdk/internal/module/IllegalAccessLogger done
Event: 8791.379 Loading class jdk/internal/module/IllegalAccessLogger
Event: 8791.380 Loading class jdk/internal/module/IllegalAccessLogger done
Event: 9645.101 Loading class jdk/internal/module/IllegalAccessLogger
Event: 9645.102 Loading class jdk/internal/module/IllegalAccessLogger done
Event: 9671.326 Loading class jdk/internal/module/IllegalAccessLogger
Event: 9671.326 Loading class jdk/internal/module/IllegalAccessLogger done

Classes unloaded (20 events):
Event: 8237.300 Thread 0x000002136d524530 Unloading class 0x0000021305006800 'java/lang/invoke/LambdaForm$MH+0x0000021305006800'
Event: 8237.300 Thread 0x000002136d524530 Unloading class 0x0000021305007000 'java/lang/invoke/LambdaForm$MH+0x0000021305007000'
Event: 8237.300 Thread 0x000002136d524530 Unloading class 0x0000021305008400 'java/lang/invoke/LambdaForm$MH+0x0000021305008400'
Event: 8237.301 Thread 0x000002136d524530 Unloading class 0x000002130501f800 'java/lang/invoke/LambdaForm$MH+0x000002130501f800'
Event: 8237.301 Thread 0x000002136d524530 Unloading class 0x0000021305080800 'java/lang/invoke/LambdaForm$MH+0x0000021305080800'
Event: 8237.301 Thread 0x000002136d524530 Unloading class 0x0000021305082400 'java/lang/invoke/LambdaForm$MH+0x0000021305082400'
Event: 8237.302 Thread 0x000002136d524530 Unloading class 0x000002130508c000 'java/lang/invoke/LambdaForm$MH+0x000002130508c000'
Event: 8237.302 Thread 0x000002136d524530 Unloading class 0x00000213050b4c00 'java/lang/invoke/LambdaForm$MH+0x00000213050b4c00'
Event: 8237.302 Thread 0x000002136d524530 Unloading class 0x0000021305108800 'java/lang/invoke/LambdaForm$MH+0x0000021305108800'
Event: 8237.302 Thread 0x000002136d524530 Unloading class 0x0000021305174800 'java/lang/invoke/LambdaForm$MH+0x0000021305174800'
Event: 8237.302 Thread 0x000002136d524530 Unloading class 0x0000021305175000 'java/lang/invoke/LambdaForm$MH+0x0000021305175000'
Event: 8237.302 Thread 0x000002136d524530 Unloading class 0x000002130517f800 'java/lang/invoke/LambdaForm$MH+0x000002130517f800'
Event: 8237.302 Thread 0x000002136d524530 Unloading class 0x0000021305181c00 'java/lang/invoke/LambdaForm$MH+0x0000021305181c00'
Event: 8237.302 Thread 0x000002136d524530 Unloading class 0x00000213051a7400 'java/lang/invoke/LambdaForm$MH+0x00000213051a7400'
Event: 8237.302 Thread 0x000002136d524530 Unloading class 0x00000213051a8c00 'java/lang/invoke/LambdaForm$MH+0x00000213051a8c00'
Event: 8237.302 Thread 0x000002136d524530 Unloading class 0x0000021305214400 'java/lang/invoke/LambdaForm$MH+0x0000021305214400'
Event: 8237.302 Thread 0x000002136d524530 Unloading class 0x000002130528fc00 'java/lang/invoke/LambdaForm$MH+0x000002130528fc00'
Event: 8237.303 Thread 0x000002136d524530 Unloading class 0x0000021305299800 'java/lang/invoke/LambdaForm$MH+0x0000021305299800'
Event: 8237.303 Thread 0x000002136d524530 Unloading class 0x000002130529b400 'java/lang/invoke/LambdaForm$MH+0x000002130529b400'
Event: 8237.303 Thread 0x000002136d524530 Unloading class 0x00000213059a4000 'java/lang/invoke/LambdaForm$DMH+0x00000213059a4000'

Classes redefined (0 events):
No events

Internal exceptions (20 events):
Event: 9644.826 Thread 0x000002134b55a800 Exception <a 'sun/nio/fs/WindowsException'{0x00000000d644f2e8}> (0x00000000d644f2e8) 
thrown [s\src\hotspot\share\prims\jni.cpp, line 520]
Event: 9645.960 Thread 0x000002134b55a800 Exception <a 'sun/nio/fs/WindowsException'{0x00000000d591e8f8}> (0x00000000d591e8f8) 
thrown [s\src\hotspot\share\prims\jni.cpp, line 520]
Event: 9646.087 Thread 0x000002134f71a6e0 Exception <a 'java/lang/ArrayIndexOutOfBoundsException'{0x00000000d57a9010}> (0x00000000d57a9010) 
thrown [s\src\hotspot\share\runtime\sharedRuntime.cpp, line 625]
Event: 9646.371 Thread 0x000002134f71a6e0 Exception <a 'java/lang/ArrayIndexOutOfBoundsException'{0x00000000d647b438}> (0x00000000d647b438) 
thrown [s\src\hotspot\share\runtime\sharedRuntime.cpp, line 625]
Event: 9658.985 Thread 0x000002134e325200 Exception <a 'java/lang/ArrayIndexOutOfBoundsException'{0x00000000d65b43a8}> (0x00000000d65b43a8) 
thrown [s\src\hotspot\share\runtime\sharedRuntime.cpp, line 625]
Event: 9659.382 Thread 0x000002134e325200 Exception <a 'java/lang/ArrayIndexOutOfBoundsException'{0x00000000d6422e28}> (0x00000000d6422e28) 
thrown [s\src\hotspot\share\runtime\sharedRuntime.cpp, line 625]
Event: 9662.437 Thread 0x000002134e325200 Exception <a 'java/lang/ArrayIndexOutOfBoundsException'{0x00000000d60b75a0}> (0x00000000d60b75a0) 
thrown [s\src\hotspot\share\runtime\sharedRuntime.cpp, line 625]
Event: 9664.097 Thread 0x000002134e325200 Exception <a 'java/lang/ArrayIndexOutOfBoundsException'{0x00000000d5effb98}> (0x00000000d5effb98) 
thrown [s\src\hotspot\share\runtime\sharedRuntime.cpp, line 625]
Event: 9664.591 Thread 0x000002134f717f80 Exception <a 'java/lang/ArrayIndexOutOfBoundsException'{0x00000000d6092608}> (0x00000000d6092608) 
thrown [s\src\hotspot\share\runtime\sharedRuntime.cpp, line 625]
Event: 9664.887 Thread 0x000002134e325200 Exception <a 'java/lang/ArrayIndexOutOfBoundsException'{0x00000000d66628f8}> (0x00000000d66628f8) 
thrown [s\src\hotspot\share\runtime\sharedRuntime.cpp, line 625]
Event: 9665.214 Thread 0x000002134f717f80 Exception <a 'java/lang/ArrayIndexOutOfBoundsException'{0x00000000d57e3e38}> (0x00000000d57e3e38) 
thrown [s\src\hotspot\share\runtime\sharedRuntime.cpp, line 625]
Event: 9665.429 Thread 0x000002134e326c40 Exception <a 'java/lang/ArrayIndexOutOfBoundsException'{0x00000000d61c0ed0}> (0x00000000d61c0ed0) 
thrown [s\src\hotspot\share\runtime\sharedRuntime.cpp, line 625]
Event: 9665.932 Thread 0x000002134e326c40 Exception <a 'java/lang/ArrayIndexOutOfBoundsException'{0x00000000d5cf9f28}> (0x00000000d5cf9f28) 
thrown [s\src\hotspot\share\runtime\sharedRuntime.cpp, line 625]
Event: 9666.444 Thread 0x000002134f7199c0 Exception <a 'java/lang/ArrayIndexOutOfBoundsException'{0x00000000d5f9b6c8}> (0x00000000d5f9b6c8) 
thrown [s\src\hotspot\share\runtime\sharedRuntime.cpp, line 625]
Event: 9666.916 Thread 0x000002134f7199c0 Exception <a 'java/lang/ArrayIndexOutOfBoundsException'{0x00000000d633f380}> (0x00000000d633f380) 
thrown [s\src\hotspot\share\runtime\sharedRuntime.cpp, line 625]
Event: 9667.684 Thread 0x000002134f7199c0 Exception <a 'java/lang/ArrayIndexOutOfBoundsException'{0x00000000d608f948}> (0x00000000d608f948) 
thrown [s\src\hotspot\share\runtime\sharedRuntime.cpp, line 625]
Event: 9668.178 Thread 0x000002134e325f20 Exception <a 'java/lang/ArrayIndexOutOfBoundsException'{0x00000000d5a605c0}> (0x00000000d5a605c0) 
thrown [s\src\hotspot\share\runtime\sharedRuntime.cpp, line 625]
Event: 9668.236 Thread 0x000002134e325f20 Exception <a 'java/lang/ArrayIndexOutOfBoundsException'{0x00000000d588cb10}> (0x00000000d588cb10) 
thrown [s\src\hotspot\share\runtime\sharedRuntime.cpp, line 625]
Event: 9671.124 Thread 0x000002134b55a800 Exception <a 'sun/nio/fs/WindowsException'{0x00000000d5da5240}> (0x00000000d5da5240) 
thrown [s\src\hotspot\share\prims\jni.cpp, line 520]
Event: 9671.884 Thread 0x000002134b55a800 Exception <a 'sun/nio/fs/WindowsException'{0x00000000d57f06c8}> (0x00000000d57f06c8) 
thrown [s\src\hotspot\share\prims\jni.cpp, line 520]

ZGC Phase Switch (0 events):
No events

VM Operations (20 events):
Event: 9671.651 Executing VM operation: ParallelGCFailedAllocation (Allocation Failure)
Event: 9671.657 Executing VM operation: ParallelGCFailedAllocation (Allocation Failure) done
Event: 9671.665 Executing VM operation: ParallelGCFailedAllocation (Allocation Failure)
Event: 9671.670 Executing VM operation: ParallelGCFailedAllocation (Allocation Failure) done
Event: 9671.680 Executing VM operation: ParallelGCFailedAllocation (Allocation Failure)
Event: 9671.685 Executing VM operation: ParallelGCFailedAllocation (Allocation Failure) done
Event: 9671.698 Executing VM operation: ParallelGCFailedAllocation (Allocation Failure)
Event: 9671.706 Executing VM operation: ParallelGCFailedAllocation (Allocation Failure) done
Event: 9671.718 Executing VM operation: ParallelGCFailedAllocation (Allocation Failure)
Event: 9671.726 Executing VM operation: ParallelGCFailedAllocation (Allocation Failure) done
Event: 9671.762 Executing VM operation: ParallelGCFailedAllocation (Allocation Failure)
Event: 9671.771 Executing VM operation: ParallelGCFailedAllocation (Allocation Failure) done
Event: 9672.018 Executing VM operation: ParallelGCFailedAllocation (Allocation Failure)
Event: 9672.027 Executing VM operation: ParallelGCFailedAllocation (Allocation Failure) done
Event: 9673.028 Executing VM operation: Cleanup
Event: 9673.028 Executing VM operation: Cleanup done
Event: 9683.082 Executing VM operation: HandshakeAllThreads (HandshakeForDeflation)
Event: 9683.082 Executing VM operation: HandshakeAllThreads (HandshakeForDeflation) done
Event: 9683.083 Executing VM operation: RendezvousGCThreads
Event: 9683.083 Executing VM operation: RendezvousGCThreads done

Memory protections (0 events):
No events

Nmethod flushes (20 events):
Event: 8531.597 Thread 0x000002136d524530 flushing  nmethod 0x000002137388df90
Event: 8531.597 Thread 0x000002136d524530 flushing  nmethod 0x000002137388f590
Event: 8531.597 Thread 0x000002136d524530 flushing  nmethod 0x0000021373890790
Event: 8531.597 Thread 0x000002136d524530 flushing  nmethod 0x0000021373890c90
Event: 8531.597 Thread 0x000002136d524530 flushing  nmethod 0x00000213738a8310
Event: 8531.597 Thread 0x000002136d524530 flushing  nmethod 0x00000213738d2d10
Event: 8531.597 Thread 0x000002136d524530 flushing  nmethod 0x00000213738e2390
Event: 8531.597 Thread 0x000002136d524530 flushing  nmethod 0x00000213738e3990
Event: 8531.597 Thread 0x000002136d524530 flushing  nmethod 0x00000213738e3e10
Event: 8531.597 Thread 0x000002136d524530 flushing  nmethod 0x00000213738f0d10
Event: 8531.597 Thread 0x000002136d524530 flushing  nmethod 0x000002137390de90
Event: 8531.597 Thread 0x000002136d524530 flushing  nmethod 0x0000021373910690
Event: 8531.597 Thread 0x000002136d524530 flushing  nmethod 0x0000021373910c10
Event: 8531.597 Thread 0x000002136d524530 flushing  nmethod 0x0000021373920b10
Event: 8531.597 Thread 0x000002136d524530 flushing  nmethod 0x0000021373939690
Event: 8531.597 Thread 0x000002136d524530 flushing  nmethod 0x000002137393e710
Event: 8531.598 Thread 0x000002136d524530 flushing  nmethod 0x0000021373942b10
Event: 8531.598 Thread 0x000002136d524530 flushing  nmethod 0x0000021373960990
Event: 8531.598 Thread 0x000002136d524530 flushing  nmethod 0x000002137397e690
Event: 8531.598 Thread 0x000002136d524530 flushing  nmethod 0x00000213739ae410

Events (20 events):
Event: 9449.933 Thread 0x000002134e329a30 Thread added: 0x000002134f7199c0
Event: 9449.934 Thread 0x000002134f719330 Thread added: 0x000002134f71a6e0
Event: 9455.418 Thread 0x000002134fc42fc0 Thread added: 0x000002134f717f80
Event: 9455.643 Thread 0x000002134b07a770 Thread added: 0x000002135a80a4f0
Event: 9456.174 Thread 0x000002135a80a4f0 Thread exited: 0x000002135a80a4f0
Event: 9515.430 Thread 0x000002134f717f80 Thread exited: 0x000002134f717f80
Event: 9566.795 Thread 0x000002134f719330 Thread exited: 0x000002134f719330
Event: 9626.802 Thread 0x000002134e32a0c0 Thread exited: 0x000002134e32a0c0
Event: 9640.665 Thread 0x000002134b07a770 Thread added: 0x000002135a809750
Event: 9640.665 Thread 0x000002134b07a770 Thread added: 0x000002135a80a4f0
Event: 9640.878 Thread 0x000002135a80a4f0 Thread exited: 0x000002135a80a4f0
Event: 9640.878 Thread 0x000002135a809750 Thread exited: 0x000002135a809750
Event: 9644.519 Thread 0x000002134f71a6e0 Thread added: 0x000002134f717f80
Event: 9644.519 Thread 0x000002134e3293a0 Thread added: 0x000002134f718ca0
Event: 9644.833 Thread 0x000002134fc42fc0 Thread added: 0x000002134f718610
Event: 9644.873 Thread 0x000002134f553490 Thread added: 0x000002134f71c120
Event: 9645.107 Thread 0x000002134f553490 Thread added: 0x000002134f719330
Event: 9646.071 Thread 0x000002134b07a770 Thread added: 0x000002135a80a4f0
Event: 9651.456 Thread 0x000002135a80a4f0 Thread exited: 0x000002135a80a4f0
Event: 9671.271 Thread 0x000002134fc42fc0 Thread added: 0x000002134f71d4d0


Dynamic libraries:
0x00007ff6b5010000 - 0x00007ff6b501e000 	c:\Users\vieth\.vscode\extensions\redhat.java-1.50.0-win32-x64\jre\21.0.9-win32-x86_64\bin\java.exe
0x00007ff945b40000 - 0x00007ff945da7000 	C:\WINDOWS\SYSTEM32\ntdll.dll
0x00007ff944980000 - 0x00007ff944a49000 	C:\WINDOWS\System32\KERNEL32.DLL
0x00007ff943050000 - 0x00007ff94343f000 	C:\WINDOWS\System32\KERNELBASE.dll
0x00007ff942d40000 - 0x00007ff942e8b000 	C:\WINDOWS\System32\ucrtbase.dll
0x00007ff93dbc0000 - 0x00007ff93dbde000 	c:\Users\vieth\.vscode\extensions\redhat.java-1.50.0-win32-x64\jre\21.0.9-win32-x86_64\bin\VCRUNTIME140.dll
0x00007ff93dca0000 - 0x00007ff93dcb8000 	c:\Users\vieth\.vscode\extensions\redhat.java-1.50.0-win32-x64\jre\21.0.9-win32-x86_64\bin\jli.dll
0x00007ff945200000 - 0x00007ff9453c5000 	C:\WINDOWS\System32\USER32.dll
0x00007ff930cc0000 - 0x00007ff930f53000 	C:\WINDOWS\WinSxS\amd64_microsoft.windows.common-controls_6595b64144ccf1df_6.0.26100.7309_none_3e05feeae336a044\COMCTL32.dll
0x00007ff943730000 - 0x00007ff943757000 	C:\WINDOWS\System32\win32u.dll
0x00007ff9458f0000 - 0x00007ff94591b000 	C:\WINDOWS\System32\GDI32.dll
0x00007ff942e90000 - 0x00007ff942fbc000 	C:\WINDOWS\System32\gdi32full.dll
0x00007ff9435c0000 - 0x00007ff943663000 	C:\WINDOWS\System32\msvcp_win.dll
0x00007ff9453d0000 - 0x00007ff945479000 	C:\WINDOWS\System32\msvcrt.dll
0x00007ff944940000 - 0x00007ff944971000 	C:\WINDOWS\System32\IMM32.DLL
0x00007ff93dc90000 - 0x00007ff93dc9c000 	c:\Users\vieth\.vscode\extensions\redhat.java-1.50.0-win32-x64\jre\21.0.9-win32-x86_64\bin\vcruntime140_1.dll
0x00007ff925df0000 - 0x00007ff925e7d000 	c:\Users\vieth\.vscode\extensions\redhat.java-1.50.0-win32-x64\jre\21.0.9-win32-x86_64\bin\msvcp140.dll
0x00007ff8bc4b0000 - 0x00007ff8bd250000 	c:\Users\vieth\.vscode\extensions\redhat.java-1.50.0-win32-x64\jre\21.0.9-win32-x86_64\bin\server\jvm.dll
0x00007ff9438e0000 - 0x00007ff943994000 	C:\WINDOWS\System32\ADVAPI32.dll
0x00007ff943da0000 - 0x00007ff943e46000 	C:\WINDOWS\System32\sechost.dll
0x00007ff945480000 - 0x00007ff945598000 	C:\WINDOWS\System32\RPCRT4.dll
0x00007ff945a00000 - 0x00007ff945a74000 	C:\WINDOWS\System32\WS2_32.dll
0x00007ff942af0000 - 0x00007ff942b4e000 	C:\WINDOWS\SYSTEM32\POWRPROF.dll
0x00007ff93b0a0000 - 0x00007ff93b0ab000 	C:\WINDOWS\SYSTEM32\VERSION.dll
0x00007ff93b060000 - 0x00007ff93b095000 	C:\WINDOWS\SYSTEM32\WINMM.dll
0x00007ff942ad0000 - 0x00007ff942ae4000 	C:\WINDOWS\SYSTEM32\UMPDC.dll
0x00007ff941a40000 - 0x00007ff941a5b000 	C:\WINDOWS\SYSTEM32\kernel.appcore.dll
0x00007ff93dc60000 - 0x00007ff93dc6a000 	c:\Users\vieth\.vscode\extensions\redhat.java-1.50.0-win32-x64\jre\21.0.9-win32-x86_64\bin\jimage.dll
0x00007ff931510000 - 0x00007ff931752000 	C:\WINDOWS\SYSTEM32\DBGHELP.DLL
0x00007ff943e50000 - 0x00007ff9441d5000 	C:\WINDOWS\System32\combase.dll
0x00007ff945920000 - 0x00007ff9459f6000 	C:\WINDOWS\System32\OLEAUT32.dll
0x00007ff92aad0000 - 0x00007ff92ab0c000 	C:\WINDOWS\SYSTEM32\dbgcore.DLL
0x00007ff942c90000 - 0x00007ff942d35000 	C:\WINDOWS\System32\bcryptPrimitives.dll
0x00007ff93bf20000 - 0x00007ff93bf2f000 	c:\Users\vieth\.vscode\extensions\redhat.java-1.50.0-win32-x64\jre\21.0.9-win32-x86_64\bin\instrument.dll
0x00007ff93bf00000 - 0x00007ff93bf20000 	c:\Users\vieth\.vscode\extensions\redhat.java-1.50.0-win32-x64\jre\21.0.9-win32-x86_64\bin\java.dll
0x00007ff9441e0000 - 0x00007ff944933000 	C:\WINDOWS\System32\SHELL32.dll
0x00007ff943450000 - 0x00007ff9435ba000 	C:\WINDOWS\System32\wintypes.dll
0x00007ff940880000 - 0x00007ff9410de000 	C:\WINDOWS\SYSTEM32\windows.storage.dll
0x00007ff9455a0000 - 0x00007ff945695000 	C:\WINDOWS\System32\SHCORE.dll
0x00007ff9439a0000 - 0x00007ff943a06000 	C:\WINDOWS\System32\shlwapi.dll
0x00007ff942bb0000 - 0x00007ff942bd9000 	C:\WINDOWS\SYSTEM32\profapi.dll
0x00007ff93bd40000 - 0x00007ff93bd58000 	c:\Users\vieth\.vscode\extensions\redhat.java-1.50.0-win32-x64\jre\21.0.9-win32-x86_64\bin\zip.dll
0x00007ff93bd20000 - 0x00007ff93bd30000 	C:\Users\vieth\.vscode\extensions\redhat.java-1.50.0-win32-x64\jre\21.0.9-win32-x86_64\bin\net.dll
0x00007ff937e70000 - 0x00007ff937f98000 	C:\WINDOWS\SYSTEM32\WINHTTP.dll
0x00007ff941fb0000 - 0x00007ff94201b000 	C:\WINDOWS\system32\mswsock.dll
0x00007ff93bce0000 - 0x00007ff93bcf6000 	C:\Users\vieth\.vscode\extensions\redhat.java-1.50.0-win32-x64\jre\21.0.9-win32-x86_64\bin\nio.dll
0x00007ff93bc40000 - 0x00007ff93bc50000 	c:\Users\vieth\.vscode\extensions\redhat.java-1.50.0-win32-x64\jre\21.0.9-win32-x86_64\bin\verify.dll
0x00007ff921200000 - 0x00007ff921244000 	C:\Users\vieth\AppData\Roaming\Code\User\globalStorage\redhat.java\1.50.0\config_win\org.eclipse.equinox.launcher\org.eclipse.equinox.launcher.win32.win32.x86_64_1.2.1400.v20250801-0854\eclipse_11916.dll
0x00007ff943a10000 - 0x00007ff943ba7000 	C:\WINDOWS\System32\ole32.dll
0x00007ff942280000 - 0x00007ff94229b000 	C:\WINDOWS\SYSTEM32\CRYPTSP.dll
0x00007ff941980000 - 0x00007ff9419ba000 	C:\WINDOWS\system32\rsaenh.dll
0x00007ff942060000 - 0x00007ff94208b000 	C:\WINDOWS\SYSTEM32\USERENV.dll
0x00007ff942b80000 - 0x00007ff942baa000 	C:\WINDOWS\SYSTEM32\bcrypt.dll
0x00007ff942270000 - 0x00007ff94227c000 	C:\WINDOWS\SYSTEM32\CRYPTBASE.dll
0x00007ff941400000 - 0x00007ff941434000 	C:\WINDOWS\SYSTEM32\IPHLPAPI.DLL
0x00007ff944a50000 - 0x00007ff944a5a000 	C:\WINDOWS\System32\NSI.dll
0x00007ff8fc760000 - 0x00007ff8fc7a9000 	C:\Users\vieth\AppData\Local\Temp\jna-112204294\jna12614541323261462974.dll
0x00007ff945840000 - 0x00007ff945848000 	C:\WINDOWS\System32\PSAPI.DLL
0x00007ff937e40000 - 0x00007ff937e5e000 	C:\WINDOWS\SYSTEM32\dhcpcsvc6.DLL
0x00007ff937e10000 - 0x00007ff937e33000 	C:\WINDOWS\SYSTEM32\dhcpcsvc.DLL
0x00007ff93ba90000 - 0x00007ff93ba9e000 	C:\Users\vieth\.vscode\extensions\redhat.java-1.50.0-win32-x64\jre\21.0.9-win32-x86_64\bin\sunmscapi.dll
0x00007ff943760000 - 0x00007ff9438d7000 	C:\WINDOWS\System32\CRYPT32.dll
0x00007ff942490000 - 0x00007ff9424c0000 	C:\WINDOWS\SYSTEM32\ncrypt.dll
0x00007ff942440000 - 0x00007ff94247f000 	C:\WINDOWS\SYSTEM32\NTASN1.dll
0x00007ff941490000 - 0x00007ff9415bc000 	C:\WINDOWS\SYSTEM32\DNSAPI.dll
0x00007ff93b290000 - 0x00007ff93b29b000 	C:\Windows\System32\rasadhlp.dll
0x00007ff9376d0000 - 0x00007ff937756000 	C:\WINDOWS\System32\fwpuclnt.dll
0x00007ff93ba80000 - 0x00007ff93ba89000 	C:\Users\vieth\.vscode\extensions\redhat.java-1.50.0-win32-x64\jre\21.0.9-win32-x86_64\bin\extnet.dll
0x00007ff8e9ff0000 - 0x00007ff8e9ff8000 	C:\WINDOWS\system32\wshunix.dll

JVMTI agents:
c:\Users\vieth\.vscode\extensions\redhat.java-1.50.0-win32-x64\lombok\lombok-1.18.39-4050.jar path:c:\Users\vieth\.vscode\extensions\redhat.java-1.50.0-win32-x64\jre\21.0.9-win32-x86_64\bin\instrument.dll, loaded, initialized, instrumentlib options:none

dbghelp: loaded successfully - version: 4.0.5 - missing functions: none
symbol engine: initialized successfully - sym options: 0x614 - pdb path: .;c:\Users\vieth\.vscode\extensions\redhat.java-1.50.0-win32-x64\jre\21.0.9-win32-x86_64\bin;C:\WINDOWS\SYSTEM32;C:\WINDOWS\WinSxS\amd64_microsoft.windows.common-controls_6595b64144ccf1df_6.0.26100.7309_none_3e05feeae336a044;c:\Users\vieth\.vscode\extensions\redhat.java-1.50.0-win32-x64\jre\21.0.9-win32-x86_64\bin\server;C:\Users\vieth\AppData\Roaming\Code\User\globalStorage\redhat.java\1.50.0\config_win\org.eclipse.equinox.launcher\org.eclipse.equinox.launcher.win32.win32.x86_64_1.2.1400.v20250801-0854;C:\Users\vieth\AppData\Local\Temp\jna-112204294

VM Arguments:
jvm_args: --add-modules=ALL-SYSTEM --add-opens=java.base/java.util=ALL-UNNAMED --add-opens=java.base/java.lang=ALL-UNNAMED --add-opens=java.base/sun.nio.fs=ALL-UNNAMED -Declipse.application=org.eclipse.jdt.ls.core.id1 -Dosgi.bundles.defaultStartLevel=4 -Declipse.product=org.eclipse.jdt.ls.core.product -Djava.import.generatesMetadataFilesAtProjectRoot=false -DDetectVMInstallationsJob.disabled=true -Dfile.encoding=utf8 -XX:+UseParallelGC -XX:GCTimeRatio=4 -XX:AdaptiveSizePolicyWeight=90 -Dsun.zip.disableMemoryMapping=true -Xmx2G -Xms100m -Xlog:disable -javaagent:c:\Users\vieth\.vscode\extensions\redhat.java-1.50.0-win32-x64\lombok\lombok-1.18.39-4050.jar -XX:+HeapDumpOnOutOfMemoryError -XX:HeapDumpPath=c:\Users\vieth\AppData\Roaming\Code\User\workspaceStorage\97e8b050a439987ed35ab0d5da838540\redhat.java -Daether.dependencyCollector.impl=bf 
java_command: c:\Users\vieth\.vscode\extensions\redhat.java-1.50.0-win32-x64\server\plugins\org.eclipse.equinox.launcher_1.7.100.v20251111-0406.jar -configuration c:\Users\vieth\AppData\Roaming\Code\User\globalStorage\redhat.java\1.50.0\config_win -data c:\Users\vieth\AppData\Roaming\Code\User\workspaceStorage\97e8b050a439987ed35ab0d5da838540\redhat.java\jdt_ws --pipe=\\.\pipe\lsp-6a7aed21ac5953c29e95af48f813d38d-sock
java_class_path (initial): c:\Users\vieth\.vscode\extensions\redhat.java-1.50.0-win32-x64\server\plugins\org.eclipse.equinox.launcher_1.7.100.v20251111-0406.jar
Launcher Type: SUN_STANDARD

[Global flags]
    uintx AdaptiveSizePolicyWeight                 = 90                                        {product} {command line}
     intx CICompilerCount                          = 4                                         {product} {ergonomic}
    uintx GCTimeRatio                              = 4                                         {product} {command line}
     bool HeapDumpOnOutOfMemoryError               = true                                   {manageable} {command line}
    ccstr HeapDumpPath                             = c:\Users\vieth\AppData\Roaming\Code\User\workspaceStorage\97e8b050a439987ed35ab0d5da838540\redhat.java         {manageable} {command line}
   size_t InitialHeapSize                          = 104857600                                 {product} {command line}
   size_t MaxHeapSize                              = 2147483648                                {product} {command line}
   size_t MaxNewSize                               = 715653120                                 {product} {ergonomic}
   size_t MinHeapDeltaBytes                        = 524288                                    {product} {ergonomic}
   size_t MinHeapSize                              = 104857600                                 {product} {command line}
   size_t NewSize                                  = 34603008                                  {product} {ergonomic}
    uintx NonNMethodCodeHeapSize                   = 5839372                                {pd product} {ergonomic}
    uintx NonProfiledCodeHeapSize                  = 122909434                              {pd product} {ergonomic}
   size_t OldSize                                  = 70254592                                  {product} {ergonomic}
    uintx ProfiledCodeHeapSize                     = 122909434                              {pd product} {ergonomic}
    uintx ReservedCodeCacheSize                    = 251658240                              {pd product} {ergonomic}
     bool SegmentedCodeCache                       = true                                      {product} {ergonomic}
   size_t SoftMaxHeapSize                          = 2147483648                             {manageable} {ergonomic}
     bool UseCompressedOops                        = true                           {product lp64_product} {ergonomic}
     bool UseLargePagesIndividualAllocation        = false                                  {pd product} {ergonomic}
     bool UseParallelGC                            = true                                      {product} {command line}

Logging:
Log output configuration:
 #0: stdout all=off uptime,level,tags foldmultilines=false
 #1: stderr all=off uptime,level,tags foldmultilines=false

Release file:
JAVA_VERSION="21.0.9" 
MODULES="java.base java.compiler java.datatransfer java.xml java.prefs java.desktop java.instrument java.logging java.management java.security.sasl java.naming java.rmi java.management.rmi java.net.http java.scripting java.security.jgss java.transaction.xa java.sql java.sql.rowset java.xml.crypto java.se java.smartcardio jdk.accessibility jdk.internal.jvmstat jdk.attach jdk.charsets jdk.internal.opt jdk.zipfs jdk.compiler jdk.crypto.ec jdk.crypto.cryptoki jdk.crypto.mscapi jdk.dynalink jdk.internal.ed jdk.editpad jdk.hotspot.agent jdk.httpserver jdk.internal.le jdk.internal.vm.ci jdk.internal.vm.compiler jdk.internal.vm.compiler.management jdk.jartool jdk.javadoc jdk.jcmd jdk.management jdk.management.agent jdk.jconsole jdk.jdeps jdk.jdwp.agent jdk.jdi jdk.jfr jdk.jshell jdk.jsobject jdk.jstatd jdk.localedata jdk.management.jfr jdk.naming.dns jdk.naming.rmi jdk.net jdk.nio.mapmode jdk.random jdk.sctp jdk.security.auth jdk.security.jgss jdk.unsupported jdk.unsupported.desktop jdk.xml.dom" 

Environment Variables:
PATH=C:\Program Files\Common Files\Oracle\Java\javapath;C:\WINDOWS\system32;C:\WINDOWS;C:\WINDOWS\System32\Wbem;C:\WINDOWS\System32\WindowsPowerShell\v1.0\;C:\WINDOWS\System32\OpenSSH\;C:\Program Files\Cloudflare\Cloudflare WARP\;C:\Program Files\Docker\Docker\resources\bin;C:\Program Files\Git\cmd;C:\Program Files\nodejs\;C:\Users\vieth\scoop\shims;C:\Users\vieth\AppData\Local\Microsoft\WindowsApps;C:\Users\vieth\AppData\Local\Programs\Microsoft VS Code\bin;C:\Users\vieth\AppData\Roaming\npm;C:\Program Files\Java\apache-maven-3.9.11\bin;C:\Users\vieth\AppData\Local\Programs\Antigravity\bin
USERNAME=vieth
OS=Windows_NT
PROCESSOR_IDENTIFIER=AMD64 Family 23 Model 104 Stepping 1, AuthenticAMD
TMP=C:\Users\vieth\AppData\Local\Temp
TEMP=C:\Users\vieth\AppData\Local\Temp




Periodic native trim disabled

---------------  S Y S T E M  ---------------

OS:
 Windows 11 , 64 bit Build 26100 (10.0.26100.7309)
OS uptime: 5 days 21:19 hours
Hyper-V role detected

CPU: total 12 (initial active 12) (12 cores per cpu, 2 threads per core) family 23 model 104 stepping 1 microcode 0x8608103, cx8, cmov, fxsr, ht, mmx, 3dnowpref, sse, sse2, sse3, ssse3, sse4a, sse4.1, sse4.2, popcnt, lzcnt, tsc, tscinvbit, avx, avx2, aes, clmul, bmi1, bmi2, adx, sha, fma, vzeroupper, clflush, clflushopt, hv, rdtscp, rdpid, f16c
Processor Information for the first 12 processors :
  Max Mhz: 2100, Current Mhz: 1988, Mhz Limit: 2100

Memory: 4k page, system-wide physical 15706M (441M free)
TotalPageFile size 46114M (AvailPageFile size 27M)
current process WorkingSet (physical memory assigned to process): 645M, peak: 1596M
current process commit charge ("private bytes"): 1559M, peak: 1881M

vm_info: OpenJDK 64-Bit Server VM (21.0.9+10-LTS) for windows-amd64 JRE (21.0.9+10-LTS), built on 2025-10-21T00:00:00Z by "admin" with unknown MS VC++:1942

END.
