2025-10-08T21:15:08.864+07:00  INFO 744 --- [notification-service] [main] c.e.n.NotificationServiceApplication     : Starting NotificationServiceApplication using Java 17.0.12 with PID 744 (C:\Users\Admin\Downloads\notification_service\notification_service\target\classes started by Admin in C:\Users\Admin\Downloads\notification_service)
2025-10-08T21:15:08.888+07:00  INFO 744 --- [notification-service] [main] c.e.n.NotificationServiceApplication     : No active profile set, falling back to 1 default profile: "default"
2025-10-08T21:15:12.741+07:00  INFO 744 --- [notification-service] [main] .s.d.r.c.RepositoryConfigurationDelegate : Bootstrapping Spring Data MongoDB repositories in DEFAULT mode.
2025-10-08T21:15:13.141+07:00  INFO 744 --- [notification-service] [main] .s.d.r.c.RepositoryConfigurationDelegate : Finished Spring Data repository scanning in 346 ms. Found 1 MongoDB repository interface.
2025-10-08T21:15:13.987+07:00  INFO 744 --- [notification-service] [main] o.s.cloud.context.scope.GenericScope     : BeanFactory id=00d952d3-0a97-36e2-9500-0165cd7f1041
2025-10-08T21:15:15.242+07:00  INFO 744 --- [notification-service] [main] o.s.b.w.embedded.tomcat.TomcatWebServer  : Tomcat initialized with port 8083 (http)
2025-10-08T21:15:15.283+07:00  INFO 744 --- [notification-service] [main] o.apache.catalina.core.StandardService   : Starting service [Tomcat]
2025-10-08T21:15:15.286+07:00  INFO 744 --- [notification-service] [main] o.apache.catalina.core.StandardEngine    : Starting Servlet engine: [Apache Tomcat/10.1.46]
2025-10-08T21:15:15.530+07:00  INFO 744 --- [notification-service] [main] o.a.c.c.C.[Tomcat].[localhost].[/]       : Initializing Spring embedded WebApplicationContext
2025-10-08T21:15:15.532+07:00  INFO 744 --- [notification-service] [main] w.s.c.ServletWebServerApplicationContext : Root WebApplicationContext: initialization completed in 6459 ms
2025-10-08T21:15:16.286+07:00 DEBUG 744 --- [notification-service] [main] o.s.w.f.ServerHttpObservationFilter      : Filter 'webMvcObservationFilter' configured for use
2025-10-08T21:15:16.927+07:00  INFO 744 --- [notification-service] [main] org.mongodb.driver.client                : MongoClient with metadata {"driver": {"name": "mongo-java-driver|sync|spring-boot", "version": "5.5.1"}, "os": {"type": "Windows", "name": "Windows 11", "architecture": "amd64", "version": "10.0"}, "platform": "Java/Oracle Corporation/17.0.12+8-LTS-286"} created with settings MongoClientSettings{readPreference=primary, writeConcern=WriteConcern{w=null, wTimeout=null ms, journal=null}, retryWrites=true, retryReads=true, readConcern=ReadConcern{level=null}, credential=null, transportSettings=null, commandListeners=[io.micrometer.core.instrument.binder.mongodb.MongoMetricsCommandListener@61836cd9], codecRegistry=ProvidersCodecRegistry{codecProviders=[ValueCodecProvider{}, BsonValueCodecProvider{}, DBRefCodecProvider{}, DBObjectCodecProvider{}, DocumentCodecProvider{}, CollectionCodecProvider{}, IterableCodecProvider{}, MapCodecProvider{}, GeoJsonCodecProvider{}, GridFSFileCodecProvider{}, Jsr310CodecProvider{}, JsonObjectCodecProvider{}, BsonCodecProvider{}, EnumCodecProvider{}, com.mongodb.client.model.mql.ExpressionCodecProvider@1b632442, com.mongodb.Jep395RecordCodecProvider@7227926b, com.mongodb.KotlinCodecProvider@2f75a9b1]}, loggerSettings=LoggerSettings{maxDocumentLength=1000}, clusterSettings={hosts=[localhost:27017], srvServiceName=mongodb, mode=SINGLE, requiredClusterType=UNKNOWN, requiredReplicaSetName='null', serverSelector='null', clusterListeners='[]', serverSelectionTimeout='30000 ms', localThreshold='15 ms'}, socketSettings=SocketSettings{connectTimeoutMS=10000, readTimeoutMS=0, receiveBufferSize=0, proxySettings=ProxySettings{host=null, port=null, username=null, password=null}}, heartbeatSocketSettings=SocketSettings{connectTimeoutMS=10000, readTimeoutMS=10000, receiveBufferSize=0, proxySettings=ProxySettings{host=null, port=null, username=null, password=null}}, connectionPoolSettings=ConnectionPoolSettings{maxSize=100, minSize=0, maxWaitTimeMS=120000, maxConnectionLifeTimeMS=0, maxConnectionIdleTimeMS=0, maintenanceInitialDelayMS=0, maintenanceFrequencyMS=60000, connectionPoolListeners=[io.micrometer.core.instrument.binder.mongodb.MongoMetricsConnectionPoolListener@556aed22], maxConnecting=2}, serverSettings=ServerSettings{heartbeatFrequencyMS=10000, minHeartbeatFrequencyMS=500, serverMonitoringMode=AUTO, serverListeners='[]', serverMonitorListeners='[]'}, sslSettings=SslSettings{enabled=false, invalidHostNameAllowed=false, context=null}, applicationName='null', compressorList=[], uuidRepresentation=JAVA_LEGACY, serverApi=null, autoEncryptionSettings=null, dnsClient=null, inetAddressResolver=null, contextProvider=null, timeoutMS=null}
2025-10-08T21:15:16.951+07:00  INFO 744 --- [notification-service] [cluster-ClusterId{value='68e671f4e2f3ede584f01860', description='null'}-localhost:27017] org.mongodb.driver.cluster               : Monitor thread successfully connected to server with description ServerDescription{address=localhost:27017, type=STANDALONE, cryptd=false, state=CONNECTED, ok=true, minWireVersion=0, maxWireVersion=25, maxDocumentSize=16777216, logicalSessionTimeoutMinutes=30, roundTripTimeNanos=65148700, minRoundTripTimeNanos=0}
2025-10-08T21:15:18.876+07:00  WARN 744 --- [notification-service] [main] ConfigServletWebServerApplicationContext : Exception encountered during context initialization - cancelling refresh attempt: org.springframework.beans.factory.UnsatisfiedDependencyException: Error creating bean with name 'notificationController' defined in file [C:\Users\Admin\Downloads\notification_service\notification_service\target\classes\com\elearning\notification_service\controller\NotificationController.class]: Unsatisfied dependency expressed through constructor parameter 0: Error creating bean with name 'notificationServiceImpl' defined in file [C:\Users\Admin\Downloads\notification_service\notification_service\target\classes\com\elearning\notification_service\service\impl\NotificationServiceImpl.class]: Unsatisfied dependency expressed through constructor parameter 2: No qualifying bean of type 'org.springframework.mail.javamail.JavaMailSender' available: expected at least 1 bean which qualifies as autowire candidate. Dependency annotations: {}
2025-10-08T21:15:18.902+07:00  INFO 744 --- [notification-service] [main] o.apache.catalina.core.StandardService   : Stopping service [Tomcat]
2025-10-08T21:15:18.996+07:00  INFO 744 --- [notification-service] [main] .s.b.a.l.ConditionEvaluationReportLogger : 

Error starting ApplicationContext. To display the condition evaluation report re-run your application with 'debug' enabled.
2025-10-08T21:15:19.077+07:00 ERROR 744 --- [notification-service] [main] o.s.b.d.LoggingFailureAnalysisReporter   : 

***************************
APPLICATION FAILED TO START
***************************

Description:

Parameter 2 of constructor in com.elearning.notification_service.service.impl.NotificationServiceImpl required a bean of type 'org.springframework.mail.javamail.JavaMailSender' that could not be found.


Action:

Consider defining a bean of type 'org.springframework.mail.javamail.JavaMailSender' in your configuration.

2025-10-08T21:18:09.869+07:00  INFO 1984 --- [notification-service] [main] c.e.n.NotificationServiceApplication     : Starting NotificationServiceApplication using Java 17.0.12 with PID 1984 (C:\Users\Admin\Downloads\notification_service\notification_service\target\classes started by Admin in C:\Users\Admin\Downloads\notification_service)
2025-10-08T21:18:09.879+07:00  INFO 1984 --- [notification-service] [main] c.e.n.NotificationServiceApplication     : No active profile set, falling back to 1 default profile: "default"
2025-10-08T21:18:13.485+07:00  INFO 1984 --- [notification-service] [main] .s.d.r.c.RepositoryConfigurationDelegate : Bootstrapping Spring Data MongoDB repositories in DEFAULT mode.
2025-10-08T21:18:13.894+07:00  INFO 1984 --- [notification-service] [main] .s.d.r.c.RepositoryConfigurationDelegate : Finished Spring Data repository scanning in 389 ms. Found 1 MongoDB repository interface.
2025-10-08T21:18:14.664+07:00  INFO 1984 --- [notification-service] [main] o.s.cloud.context.scope.GenericScope     : BeanFactory id=00d952d3-0a97-36e2-9500-0165cd7f1041
2025-10-08T21:18:15.649+07:00  INFO 1984 --- [notification-service] [main] o.s.b.w.embedded.tomcat.TomcatWebServer  : Tomcat initialized with port 8083 (http)
2025-10-08T21:18:15.674+07:00  INFO 1984 --- [notification-service] [main] o.apache.catalina.core.StandardService   : Starting service [Tomcat]
2025-10-08T21:18:15.676+07:00  INFO 1984 --- [notification-service] [main] o.apache.catalina.core.StandardEngine    : Starting Servlet engine: [Apache Tomcat/10.1.46]
2025-10-08T21:18:15.816+07:00  INFO 1984 --- [notification-service] [main] o.a.c.c.C.[Tomcat].[localhost].[/]       : Initializing Spring embedded WebApplicationContext
2025-10-08T21:18:15.819+07:00  INFO 1984 --- [notification-service] [main] w.s.c.ServletWebServerApplicationContext : Root WebApplicationContext: initialization completed in 5752 ms
2025-10-08T21:18:16.408+07:00 DEBUG 1984 --- [notification-service] [main] o.s.w.f.ServerHttpObservationFilter      : Filter 'webMvcObservationFilter' configured for use
2025-10-08T21:18:16.975+07:00  INFO 1984 --- [notification-service] [main] org.mongodb.driver.client                : MongoClient with metadata {"driver": {"name": "mongo-java-driver|sync|spring-boot", "version": "5.5.1"}, "os": {"type": "Windows", "name": "Windows 11", "architecture": "amd64", "version": "10.0"}, "platform": "Java/Oracle Corporation/17.0.12+8-LTS-286"} created with settings MongoClientSettings{readPreference=primary, writeConcern=WriteConcern{w=null, wTimeout=null ms, journal=null}, retryWrites=true, retryReads=true, readConcern=ReadConcern{level=null}, credential=null, transportSettings=null, commandListeners=[io.micrometer.core.instrument.binder.mongodb.MongoMetricsCommandListener@30bbe83], codecRegistry=ProvidersCodecRegistry{codecProviders=[ValueCodecProvider{}, BsonValueCodecProvider{}, DBRefCodecProvider{}, DBObjectCodecProvider{}, DocumentCodecProvider{}, CollectionCodecProvider{}, IterableCodecProvider{}, MapCodecProvider{}, GeoJsonCodecProvider{}, GridFSFileCodecProvider{}, Jsr310CodecProvider{}, JsonObjectCodecProvider{}, BsonCodecProvider{}, EnumCodecProvider{}, com.mongodb.client.model.mql.ExpressionCodecProvider@57b130f6, com.mongodb.Jep395RecordCodecProvider@67e4928c, com.mongodb.KotlinCodecProvider@2cc61b3b]}, loggerSettings=LoggerSettings{maxDocumentLength=1000}, clusterSettings={hosts=[localhost:27017], srvServiceName=mongodb, mode=SINGLE, requiredClusterType=UNKNOWN, requiredReplicaSetName='null', serverSelector='null', clusterListeners='[]', serverSelectionTimeout='30000 ms', localThreshold='15 ms'}, socketSettings=SocketSettings{connectTimeoutMS=10000, readTimeoutMS=0, receiveBufferSize=0, proxySettings=ProxySettings{host=null, port=null, username=null, password=null}}, heartbeatSocketSettings=SocketSettings{connectTimeoutMS=10000, readTimeoutMS=10000, receiveBufferSize=0, proxySettings=ProxySettings{host=null, port=null, username=null, password=null}}, connectionPoolSettings=ConnectionPoolSettings{maxSize=100, minSize=0, maxWaitTimeMS=120000, maxConnectionLifeTimeMS=0, maxConnectionIdleTimeMS=0, maintenanceInitialDelayMS=0, maintenanceFrequencyMS=60000, connectionPoolListeners=[io.micrometer.core.instrument.binder.mongodb.MongoMetricsConnectionPoolListener@72e75786], maxConnecting=2}, serverSettings=ServerSettings{heartbeatFrequencyMS=10000, minHeartbeatFrequencyMS=500, serverMonitoringMode=AUTO, serverListeners='[]', serverMonitorListeners='[]'}, sslSettings=SslSettings{enabled=false, invalidHostNameAllowed=false, context=null}, applicationName='null', compressorList=[], uuidRepresentation=JAVA_LEGACY, serverApi=null, autoEncryptionSettings=null, dnsClient=null, inetAddressResolver=null, contextProvider=null, timeoutMS=null}
2025-10-08T21:18:16.999+07:00  INFO 1984 --- [notification-service] [cluster-ClusterId{value='68e672a8c9cea8922f9b48db', description='null'}-localhost:27017] org.mongodb.driver.cluster               : Monitor thread successfully connected to server with description ServerDescription{address=localhost:27017, type=STANDALONE, cryptd=false, state=CONNECTED, ok=true, minWireVersion=0, maxWireVersion=25, maxDocumentSize=16777216, logicalSessionTimeoutMinutes=30, roundTripTimeNanos=53718800, minRoundTripTimeNanos=0}
2025-10-08T21:18:18.489+07:00  WARN 1984 --- [notification-service] [main] ConfigServletWebServerApplicationContext : Exception encountered during context initialization - cancelling refresh attempt: org.springframework.beans.factory.UnsatisfiedDependencyException: Error creating bean with name 'notificationController' defined in file [C:\Users\Admin\Downloads\notification_service\notification_service\target\classes\com\elearning\notification_service\controller\NotificationController.class]: Unsatisfied dependency expressed through constructor parameter 0: Error creating bean with name 'notificationServiceImpl' defined in file [C:\Users\Admin\Downloads\notification_service\notification_service\target\classes\com\elearning\notification_service\service\impl\NotificationServiceImpl.class]: Unsatisfied dependency expressed through constructor parameter 2: No qualifying bean of type 'org.springframework.mail.javamail.JavaMailSender' available: expected at least 1 bean which qualifies as autowire candidate. Dependency annotations: {}
2025-10-08T21:18:18.505+07:00  INFO 1984 --- [notification-service] [main] o.apache.catalina.core.StandardService   : Stopping service [Tomcat]
2025-10-08T21:18:18.585+07:00  INFO 1984 --- [notification-service] [main] .s.b.a.l.ConditionEvaluationReportLogger : 

Error starting ApplicationContext. To display the condition evaluation report re-run your application with 'debug' enabled.
2025-10-08T21:18:18.669+07:00 ERROR 1984 --- [notification-service] [main] o.s.b.d.LoggingFailureAnalysisReporter   : 

***************************
APPLICATION FAILED TO START
***************************

Description:

Parameter 2 of constructor in com.elearning.notification_service.service.impl.NotificationServiceImpl required a bean of type 'org.springframework.mail.javamail.JavaMailSender' that could not be found.


Action:

Consider defining a bean of type 'org.springframework.mail.javamail.JavaMailSender' in your configuration.

